Archive member included to satisfy reference by file (symbol)

/opt/homebrew/Cellar/arm-none-eabi-gcc/10.3-2021.10/gcc/bin/../lib/gcc/arm-none-eabi/10.3.1/../../../../arm-none-eabi/lib/thumb/v8-m.main+fp/softfp/libm.a(lib_a-wf_sqrt.o)
                              CMakeFiles/blink.dir/Users/aidanworkman/.pico-sdk/sdk/2.1.1/src/rp2_common/pico_float/float_math.c.o (sqrtf)
/opt/homebrew/Cellar/arm-none-eabi-gcc/10.3-2021.10/gcc/bin/../lib/gcc/arm-none-eabi/10.3.1/../../../../arm-none-eabi/lib/thumb/v8-m.main+fp/softfp/libm.a(lib_a-ef_sqrt.o)
                              /opt/homebrew/Cellar/arm-none-eabi-gcc/10.3-2021.10/gcc/bin/../lib/gcc/arm-none-eabi/10.3.1/../../../../arm-none-eabi/lib/thumb/v8-m.main+fp/softfp/libm.a(lib_a-wf_sqrt.o) (__ieee754_sqrtf)
/opt/homebrew/Cellar/arm-none-eabi-gcc/10.3-2021.10/gcc/bin/../lib/gcc/arm-none-eabi/10.3.1/thumb/v8-m.main+fp/softfp/libgcc.a(_arm_addsubdf3.o)
                              CMakeFiles/blink.dir/Users/aidanworkman/.pico-sdk/sdk/2.1.1/src/rp2_common/pico_float/float_math.c.o (__aeabi_f2d)
/opt/homebrew/Cellar/arm-none-eabi-gcc/10.3-2021.10/gcc/bin/../lib/gcc/arm-none-eabi/10.3.1/thumb/v8-m.main+fp/softfp/libgcc.a(_aeabi_ldivmod.o)
                              CMakeFiles/blink.dir/Users/aidanworkman/.pico-sdk/sdk/2.1.1/src/common/pico_time/time.c.o (__aeabi_ldivmod)
/opt/homebrew/Cellar/arm-none-eabi-gcc/10.3-2021.10/gcc/bin/../lib/gcc/arm-none-eabi/10.3.1/thumb/v8-m.main+fp/softfp/libgcc.a(_aeabi_uldivmod.o)
                              CMakeFiles/blink.dir/Users/aidanworkman/.pico-sdk/sdk/2.1.1/src/rp2_common/hardware_clocks/clocks.c.o (__aeabi_uldivmod)
/opt/homebrew/Cellar/arm-none-eabi-gcc/10.3-2021.10/gcc/bin/../lib/gcc/arm-none-eabi/10.3.1/thumb/v8-m.main+fp/softfp/libgcc.a(_udivmoddi4.o)
                              /opt/homebrew/Cellar/arm-none-eabi-gcc/10.3-2021.10/gcc/bin/../lib/gcc/arm-none-eabi/10.3.1/thumb/v8-m.main+fp/softfp/libgcc.a(_aeabi_ldivmod.o) (__udivmoddi4)
/opt/homebrew/Cellar/arm-none-eabi-gcc/10.3-2021.10/gcc/bin/../lib/gcc/arm-none-eabi/10.3.1/thumb/v8-m.main+fp/softfp/libgcc.a(_dvmd_tls.o)
                              /opt/homebrew/Cellar/arm-none-eabi-gcc/10.3-2021.10/gcc/bin/../lib/gcc/arm-none-eabi/10.3.1/thumb/v8-m.main+fp/softfp/libgcc.a(_aeabi_ldivmod.o) (__aeabi_ldiv0)
/opt/homebrew/Cellar/arm-none-eabi-gcc/10.3-2021.10/gcc/bin/../lib/gcc/arm-none-eabi/10.3.1/../../../../arm-none-eabi/lib/thumb/v8-m.main+fp/softfp/libg.a(lib_a-calloc.o)
                              CMakeFiles/blink.dir/Users/aidanworkman/.pico-sdk/sdk/2.1.1/src/rp2_common/pico_malloc/malloc.c.o (calloc)
/opt/homebrew/Cellar/arm-none-eabi-gcc/10.3-2021.10/gcc/bin/../lib/gcc/arm-none-eabi/10.3.1/../../../../arm-none-eabi/lib/thumb/v8-m.main+fp/softfp/libg.a(lib_a-callocr.o)
                              /opt/homebrew/Cellar/arm-none-eabi-gcc/10.3-2021.10/gcc/bin/../lib/gcc/arm-none-eabi/10.3.1/../../../../arm-none-eabi/lib/thumb/v8-m.main+fp/softfp/libg.a(lib_a-calloc.o) (_calloc_r)
/opt/homebrew/Cellar/arm-none-eabi-gcc/10.3-2021.10/gcc/bin/../lib/gcc/arm-none-eabi/10.3.1/../../../../arm-none-eabi/lib/thumb/v8-m.main+fp/softfp/libg.a(lib_a-errno.o)
                              /opt/homebrew/Cellar/arm-none-eabi-gcc/10.3-2021.10/gcc/bin/../lib/gcc/arm-none-eabi/10.3.1/../../../../arm-none-eabi/lib/thumb/v8-m.main+fp/softfp/libm.a(lib_a-wf_sqrt.o) (__errno)
/opt/homebrew/Cellar/arm-none-eabi-gcc/10.3-2021.10/gcc/bin/../lib/gcc/arm-none-eabi/10.3.1/../../../../arm-none-eabi/lib/thumb/v8-m.main+fp/softfp/libg.a(lib_a-impure.o)
                              /opt/homebrew/Cellar/arm-none-eabi-gcc/10.3-2021.10/gcc/bin/../lib/gcc/arm-none-eabi/10.3.1/../../../../arm-none-eabi/lib/thumb/v8-m.main+fp/softfp/libg.a(lib_a-calloc.o) (_impure_ptr)
/opt/homebrew/Cellar/arm-none-eabi-gcc/10.3-2021.10/gcc/bin/../lib/gcc/arm-none-eabi/10.3.1/../../../../arm-none-eabi/lib/thumb/v8-m.main+fp/softfp/libg.a(lib_a-init.o)
                              /opt/homebrew/Cellar/arm-none-eabi-gcc/10.3-2021.10/gcc/bin/../lib/gcc/arm-none-eabi/10.3.1/../../../../arm-none-eabi/lib/thumb/v8-m.main+fp/softfp/crt0.o (__libc_init_array)
/opt/homebrew/Cellar/arm-none-eabi-gcc/10.3-2021.10/gcc/bin/../lib/gcc/arm-none-eabi/10.3.1/../../../../arm-none-eabi/lib/thumb/v8-m.main+fp/softfp/libg.a(lib_a-lcltime_r.o)
                              CMakeFiles/blink.dir/Users/aidanworkman/.pico-sdk/sdk/2.1.1/src/common/pico_util/datetime.c.o (localtime_r)
/opt/homebrew/Cellar/arm-none-eabi-gcc/10.3-2021.10/gcc/bin/../lib/gcc/arm-none-eabi/10.3.1/../../../../arm-none-eabi/lib/thumb/v8-m.main+fp/softfp/libg.a(lib_a-malloc.o)
                              CMakeFiles/blink.dir/Users/aidanworkman/.pico-sdk/sdk/2.1.1/src/rp2_common/pico_malloc/malloc.c.o (malloc)
/opt/homebrew/Cellar/arm-none-eabi-gcc/10.3-2021.10/gcc/bin/../lib/gcc/arm-none-eabi/10.3.1/../../../../arm-none-eabi/lib/thumb/v8-m.main+fp/softfp/libg.a(lib_a-mallocr.o)
[...]
Memory Configuration

Name             Origin             Length             Attributes
FLASH            0x0000000010000000 0x0000000000400000 xr
RAM              0x0000000020000000 0x0000000000080000 xrw
SCRATCH_X        0x0000000020080000 0x0000000000001000 xrw
SCRATCH_Y        0x0000000020081000 0x0000000000001000 xrw
*default*        0x0000000000000000 0xffffffffffffffff

Linker script and memory map

LOAD /opt/homebrew/Cellar/arm-none-eabi-gcc/10.3-2021.10/gcc/bin/../lib/gcc/arm-none-eabi/10.3.1/thumb/v8-m.main+fp/softfp/crti.o
LOAD /opt/homebrew/Cellar/arm-none-eabi-gcc/10.3-2021.10/gcc/bin/../lib/gcc/arm-none-eabi/10.3.1/thumb/v8-m.main+fp/softfp/crtbegin.o
LOAD /opt/homebrew/Cellar/arm-none-eabi-gcc/10.3-2021.10/gcc/bin/../lib/gcc/arm-none-eabi/10.3.1/../../../../arm-none-eabi/lib/thumb/v8-m.main+fp/softfp/crt0.o

.flash_begin    0x0000000010000000        0x0
                0x0000000010000000                __flash_binary_start = .

.text           0x0000000010000000     0x2afc
                0x0000000010000000                __logical_binary_start = .
 *(.vectors)
 .vectors       0x0000000010000000      0x124 CMakeFiles/blink.dir/Users/aidanworkman/.pico-sdk/sdk/2.1.1/src/rp2_common/pico_crt0/crt0.S.o
                0x0000000010000000                __vectors
                0x0000000010000000                __VECTOR_TABLE
                0x0000000010000110                __default_isrs_start
                0x0000000010000110                isr_invalid
                0x0000000010000112                isr_nmi
                0x0000000010000114                isr_hardfault
                0x0000000010000116                isr_svcall
                0x0000000010000118                isr_pendsv
                0x000000001000011a                isr_systick
                0x000000001000011c                isr_irq5
                0x000000001000011c                isr_irq11
                0x000000001000011c                isr_irq23
                0x000000001000011c                isr_irq48
                0x000000001000011c                isr_irq35
                0x000000001000011c                isr_irq18
                0x000000001000011c                isr_irq50
                0x000000001000011c                isr_irq40
                0x000000001000011c                isr_irq28
                0x000000001000011c                isr_irq19
                0x000000001000011c                isr_irq36
                0x000000001000011c                isr_irq41
                0x000000001000011c                isr_irq0
                0x000000001000011c                isr_irq6
                0x000000001000011c                isr_irq37
                0x000000001000011c                isr_irq42
                0x000000001000011c                isr_irq22
                0x000000001000011c                isr_irq17
                0x000000001000011c                isr_irq38
                0x000000001000011c                isr_irq14
                0x000000001000011c                isr_irq2
                0x000000001000011c                isr_irq10
                0x000000001000011c                isr_irq8
                0x000000001000011c                isr_irq24
                0x000000001000011c                isr_irq46
                0x000000001000011c                isr_irq1
                0x000000001000011c                isr_irq47
                0x000000001000011c                isr_irq51
                0x000000001000011c                isr_irq7
                0x000000001000011c                isr_irq21
                0x000000001000011c                isr_irq39
                0x000000001000011c                isr_irq20
                0x000000001000011c                isr_irq15
                0x000000001000011c                isr_irq25
                0x000000001000011c                isr_irq34
                0x000000001000011c                isr_irq4
                0x000000001000011c                isr_irq16
                0x000000001000011c                isr_irq44
                0x000000001000011c                isr_irq29
                0x000000001000011c                isr_irq26
                0x000000001000011c                __default_isrs_end
                0x000000001000011c                isr_irq33
                0x000000001000011c                isr_irq3
                0x000000001000011c                isr_irq9
                0x000000001000011c                __unhandled_user_irq
                0x000000001000011c                isr_irq49
                0x000000001000011c                isr_irq13
                0x000000001000011c                isr_irq43
                0x000000001000011c                isr_irq45
                0x000000001000011c                isr_irq27
                0x000000001000011c                isr_irq32
                0x000000001000011c                isr_irq31
                0x000000001000011c                isr_irq30
                0x000000001000011c                isr_irq12
                0x0000000010000122                unhandled_user_irq_num_in_r0
 *(.binary_info_header)
 .binary_info_header
                0x0000000010000124       0x14 CMakeFiles/blink.dir/Users/aidanworkman/.pico-sdk/sdk/2.1.1/src/rp2_common/pico_crt0/crt0.S.o
                0x0000000010000138                __binary_info_header_end = .
 *(.embedded_block)
 .embedded_block
                0x0000000010000138       0x14 CMakeFiles/blink.dir/Users/aidanworkman/.pico-sdk/sdk/2.1.1/src/rp2_common/pico_crt0/crt0.S.o
                0x000000001000014c                __embedded_block_end = .
 *(.reset)
 .reset         0x000000001000014c       0xa0 CMakeFiles/blink.dir/Users/aidanworkman/.pico-sdk/sdk/2.1.1/src/rp2_common/pico_crt0/crt0.S.o
                0x000000001000014c                _entry_point
 *(.init)
 .init          0x00000000100001ec        0x4 /opt/homebrew/Cellar/arm-none-eabi-gcc/10.3-2021.10/gcc/bin/../lib/gcc/arm-none-eabi/10.3.1/thumb/v8-m.main+fp/softfp/crti.o
                0x00000000100001ec                _init
 *libgcc.a:cmse_nonsecure_call.o()
 *(EXCLUDE_FILE(*libm.a: *libc.a:*lib_a-mem*.o *libgcc.a:) .text*)
 .text          0x00000000100001f0       0x40 /opt/homebrew/Cellar/arm-none-eabi-gcc/10.3-2021.10/gcc/bin/../lib/gcc/arm-none-eabi/10.3.1/thumb/v8-m.main+fp/softfp/crtbegin.o
 .text.pico_led_init
                0x0000000010000230       0x20 CMakeFiles/blink.dir/blink.c.o
                0x0000000010000230                pico_led_init
 .text.pico_set_led
                0x0000000010000250        0xe CMakeFiles/blink.dir/blink.c.o
                0x0000000010000250                pico_set_led
 *fill*         0x000000001000025e        0x2 
 .text.main     0x0000000010000260       0x3c CMakeFiles/blink.dir/blink.c.o
                0x0000000010000260                main
 .text.gpio_set_function
                0x000000001000029c       0x38 CMakeFiles/blink.dir/Users/aidanworkman/.pico-sdk/sdk/2.1.1/src/rp2_common/hardware_gpio/gpio.c.o
                0x000000001000029c                gpio_set_function
 .text.gpio_init
                0x00000000100002d4       0x14 CMakeFiles/blink.dir/Users/aidanworkman/.pico-sdk/sdk/2.1.1/src/rp2_common/hardware_gpio/gpio.c.o
                0x00000000100002d4                gpio_init
 .text.panic    0x00000000100002e8       0x30 CMakeFiles/blink.dir/Users/aidanworkman/.pico-sdk/sdk/2.1.1/src/rp2_common/pico_platform_panic/panic.c.o
                0x00000000100002e8                panic
 .text.hw_claim_lock
                0x0000000010000318       0x24 CMakeFiles/blink.dir/Users/aidanworkman/.pico-sdk/sdk/2.1.1/src/common/hardware_claim/claim.c.o
                0x0000000010000318                hw_claim_lock
 .text.hw_claim_unlock
                0x000000001000033c       0x14 CMakeFiles/blink.dir/Users/aidanworkman/.pico-sdk/sdk/2.1.1/src/common/hardware_claim/claim.c.o
                0x000000001000033c                hw_claim_unlock
 .text.hw_claim_or_assert
                0x0000000010000350       0x32 CMakeFiles/blink.dir/Users/aidanworkman/.pico-sdk/sdk/2.1.1/src/common/hardware_claim/claim.c.o
                0x0000000010000350                hw_claim_or_assert
 *fill*         0x0000000010000382        0x2 
 .text.next_striped_spin_lock_num
                0x0000000010000384       0x1c CMakeFiles/blink.dir/Users/aidanworkman/.pico-sdk/sdk/2.1.1/src/rp2_common/hardware_sync/sync.c.o
                0x0000000010000384                next_striped_spin_lock_num
 .text.spinlock_set_extexclall
                0x00000000100003a0        0xe CMakeFiles/blink.dir/Users/aidanworkman/.pico-sdk/sdk/2.1.1/src/rp2_common/hardware_sync_spin_lock/sync_spin_lock.c.o
 *fill*         0x00000000100003ae        0x2 
 .text.spin_locks_reset
                0x00000000100003b0       0x1c CMakeFiles/blink.dir/Users/aidanworkman/.pico-sdk/sdk/2.1.1/src/rp2_common/hardware_sync_spin_lock/sync_spin_lock.c.o
                0x00000000100003b0                spin_locks_reset
 .text.set_raw_irq_handler_and_unlock
                0x00000000100003cc       0x24 CMakeFiles/blink.dir/Users/aidanworkman/.pico-sdk/sdk/2.1.1/src/rp2_common/hardware_irq/irq.c.o
 .text.nvic_ipr0
                0x00000000100003f0        0x8 CMakeFiles/blink.dir/Users/aidanworkman/.pico-sdk/sdk/2.1.1/src/rp2_common/hardware_irq/irq.c.o
 .text.runtime_init_per_core_irq_priorities
                0x00000000100003f8       0x1a CMakeFiles/blink.dir/Users/aidanworkman/.pico-sdk/sdk/2.1.1/src/rp2_common/hardware_irq/irq.c.o
                0x00000000100003f8                runtime_init_per_core_irq_priorities
 *fill*         0x0000000010000412        0x2 
 .text.irq_set_mask_n_enabled
                0x0000000010000414       0x20 CMakeFiles/blink.dir/Users/aidanworkman/.pico-sdk/sdk/2.1.1/src/rp2_common/hardware_irq/irq.c.o
                0x0000000010000414                irq_set_mask_n_enabled
 .text.irq_set_enabled
                0x0000000010000434       0x14 CMakeFiles/blink.dir/Users/aidanworkman/.pico-sdk/sdk/2.1.1/src/rp2_common/hardware_irq/irq.c.o
                0x0000000010000434                irq_set_enabled
 .text.irq_get_vtable_handler
                0x0000000010000448       0x10 CMakeFiles/blink.dir/Users/aidanworkman/.pico-sdk/sdk/2.1.1/src/rp2_common/hardware_irq/irq.c.o
                0x0000000010000448                irq_get_vtable_handler
 .text.irq_set_exclusive_handler
                0x0000000010000458       0x60 CMakeFiles/blink.dir/Users/aidanworkman/.pico-sdk/sdk/2.1.1/src/rp2_common/hardware_irq/irq.c.o
                0x0000000010000458                irq_set_exclusive_handler
 .text.lock_init
                0x00000000100004b8        0xc CMakeFiles/blink.dir/Users/aidanworkman/.pico-sdk/sdk/2.1.1/src/common/pico_sync/lock_core.c.o
                0x00000000100004b8                lock_init
 .text.mutex_init
                0x00000000100004c4       0x1a CMakeFiles/blink.dir/Users/aidanworkman/.pico-sdk/sdk/2.1.1/src/common/pico_sync/mutex.c.o
                0x00000000100004c4                mutex_init
 .text.recursive_mutex_init
                0x00000000100004de       0x1e CMakeFiles/blink.dir/Users/aidanworkman/.pico-sdk/sdk/2.1.1/src/common/pico_sync/mutex.c.o
                0x00000000100004de                recursive_mutex_init
 .text.runtime_init_mutex
                0x00000000100004fc       0x4c CMakeFiles/blink.dir/Users/aidanworkman/.pico-sdk/sdk/2.1.1/src/common/pico_sync/mutex.c.o
                0x00000000100004fc                runtime_init_mutex
 .text.make_alarm_id
                0x0000000010000548        0x6 CMakeFiles/blink.dir/Users/aidanworkman/.pico-sdk/sdk/2.1.1/src/common/pico_time/time.c.o
 *fill*         0x000000001000054e        0x2 
 .text.sleep_until_callback
                0x0000000010000550       0x3c CMakeFiles/blink.dir/Users/aidanworkman/.pico-sdk/sdk/2.1.1/src/common/pico_time/time.c.o
 .text.alarm_pool_irq_handler
                0x000000001000058c      0x30c CMakeFiles/blink.dir/Users/aidanworkman/.pico-sdk/sdk/2.1.1/src/common/pico_time/time.c.o
 .text.alarm_pool_post_alloc_init
                0x0000000010000898       0xa4 CMakeFiles/blink.dir/Users/aidanworkman/.pico-sdk/sdk/2.1.1/src/common/pico_time/time.c.o
 .text.alarm_pool_get_default
                0x000000001000093c       0x28 CMakeFiles/blink.dir/Users/aidanworkman/.pico-sdk/sdk/2.1.1/src/common/pico_time/time.c.o
                0x000000001000093c                alarm_pool_get_default
 .text.alarm_pool_add_alarm_at_force_in_context
                0x0000000010000964       0xba CMakeFiles/blink.dir/Users/aidanworkman/.pico-sdk/sdk/2.1.1/src/common/pico_time/time.c.o
                0x0000000010000964                alarm_pool_add_alarm_at_force_in_context
 .text.alarm_pool_add_alarm_at
                0x0000000010000a1e       0x38 CMakeFiles/blink.dir/Users/aidanworkman/.pico-sdk/sdk/2.1.1/src/common/pico_time/time.c.o
                0x0000000010000a1e                alarm_pool_add_alarm_at
 .text.alarm_pool_cancel_alarm
                0x0000000010000a56       0x72 CMakeFiles/blink.dir/Users/aidanworkman/.pico-sdk/sdk/2.1.1/src/common/pico_time/time.c.o
                0x0000000010000a56                alarm_pool_cancel_alarm
 .text.sleep_until
                0x0000000010000ac8       0xcc CMakeFiles/blink.dir/Users/aidanworkman/.pico-sdk/sdk/2.1.1/src/common/pico_time/time.c.o
                0x0000000010000ac8                sleep_until
 .text.sleep_us
                0x0000000010000b94       0x24 CMakeFiles/blink.dir/Users/aidanworkman/.pico-sdk/sdk/2.1.1/src/common/pico_time/time.c.o
                0x0000000010000b94                sleep_us
 .text.sleep_ms
                0x0000000010000bb8       0x28 CMakeFiles/blink.dir/Users/aidanworkman/.pico-sdk/sdk/2.1.1/src/common/pico_time/time.c.o
                0x0000000010000bb8                sleep_ms
 .text.best_effort_wfe_or_timeout
                0x0000000010000be0      0x11c CMakeFiles/blink.dir/Users/aidanworkman/.pico-sdk/sdk/2.1.1/src/common/pico_time/time.c.o
                0x0000000010000be0                best_effort_wfe_or_timeout
 .text.alarm_pool_get_default_timer
                0x0000000010000cfc        0x8 CMakeFiles/blink.dir/Users/aidanworkman/.pico-sdk/sdk/2.1.1/src/common/pico_time/time.c.o
                0x0000000010000cfc                alarm_pool_get_default_timer
 .text.runtime_init_default_alarm_pool
                0x0000000010000d04       0x34 CMakeFiles/blink.dir/Users/aidanworkman/.pico-sdk/sdk/2.1.1/src/common/pico_time/time.c.o
                0x0000000010000d04                runtime_init_default_alarm_pool
 .text.timer_hardware_alarm_claim
                0x0000000010000d38       0x24 CMakeFiles/blink.dir/Users/aidanworkman/.pico-sdk/sdk/2.1.1/src/rp2_common/hardware_timer/timer.c.o
                0x0000000010000d38                timer_hardware_alarm_claim
 .text.timer_time_us_64
                0x0000000010000d5c       0x10 CMakeFiles/blink.dir/Users/aidanworkman/.pico-sdk/sdk/2.1.1/src/rp2_common/hardware_timer/timer.c.o
                0x0000000010000d5c                timer_time_us_64
 .text.timer_busy_wait_until
                0x0000000010000d6c       0x1a CMakeFiles/blink.dir/Users/aidanworkman/.pico-sdk/sdk/2.1.1/src/rp2_common/hardware_timer/timer.c.o
                0x0000000010000d6c                timer_busy_wait_until
 *fill*         0x0000000010000d86        0x2 
 .text.time_us_64
                0x0000000010000d88       0x10 CMakeFiles/blink.dir/Users/aidanworkman/.pico-sdk/sdk/2.1.1/src/rp2_common/hardware_timer/timer.c.o
                0x0000000010000d88                time_us_64
 .text.busy_wait_until
                0x0000000010000d98       0x14 CMakeFiles/blink.dir/Users/aidanworkman/.pico-sdk/sdk/2.1.1/src/rp2_common/hardware_timer/timer.c.o
                0x0000000010000d98                busy_wait_until
 .text.clock_configure_internal
                0x0000000010000dac       0xb4 CMakeFiles/blink.dir/Users/aidanworkman/.pico-sdk/sdk/2.1.1/src/rp2_common/hardware_clocks/clocks.c.o
 .text.clock_configure_undivided
                0x0000000010000e60       0x12 CMakeFiles/blink.dir/Users/aidanworkman/.pico-sdk/sdk/2.1.1/src/rp2_common/hardware_clocks/clocks.c.o
                0x0000000010000e60                clock_configure_undivided
 *fill*         0x0000000010000e72        0x2 
 .text.clock_get_hz
                0x0000000010000e74        0xc CMakeFiles/blink.dir/Users/aidanworkman/.pico-sdk/sdk/2.1.1/src/rp2_common/hardware_clocks/clocks.c.o
                0x0000000010000e74                clock_get_hz
 .text.pll_init
                0x0000000010000e80      0x108 CMakeFiles/blink.dir/Users/aidanworkman/.pico-sdk/sdk/2.1.1/src/rp2_common/hardware_pll/pll.c.o
                0x0000000010000e80                pll_init
 .text.tick_start
                0x0000000010000f88       0x1c CMakeFiles/blink.dir/Users/aidanworkman/.pico-sdk/sdk/2.1.1/src/rp2_common/hardware_ticks/ticks.c.o
                0x0000000010000f88                tick_start
 .text.rom_func_lookup
                0x0000000010000fa4       0x1e CMakeFiles/blink.dir/Users/aidanworkman/.pico-sdk/sdk/2.1.1/src/rp2_common/pico_bootrom/bootrom.c.o
                0x0000000010000fa4                rom_func_lookup
 *fill*         0x0000000010000fc2        0x2 
 .text.runtime_init_bootrom_locking_enable
                0x0000000010000fc4       0x14 CMakeFiles/blink.dir/Users/aidanworkman/.pico-sdk/sdk/2.1.1/src/rp2_common/pico_bootrom/bootrom_lock.c.o
                0x0000000010000fc4                runtime_init_bootrom_locking_enable
 .text.boot_locks_reset
                0x0000000010000fd8       0x20 CMakeFiles/blink.dir/Users/aidanworkman/.pico-sdk/sdk/2.1.1/src/rp2_common/hardware_boot_lock/boot_lock.c.o
                0x0000000010000fd8                boot_locks_reset
 .text.runtime_init_boot_locks_reset
                0x0000000010000ff8        0x8 CMakeFiles/blink.dir/Users/aidanworkman/.pico-sdk/sdk/2.1.1/src/rp2_common/hardware_boot_lock/boot_lock.c.o
                0x0000000010000ff8                runtime_init_boot_locks_reset
 .text.xosc_init
                0x0000000010001000       0x28 CMakeFiles/blink.dir/Users/aidanworkman/.pico-sdk/sdk/2.1.1/src/rp2_common/hardware_xosc/xosc.c.o
                0x0000000010001000                xosc_init
 .text.runtime_run_initializers_from
                0x0000000010001028       0x18 CMakeFiles/blink.dir/Users/aidanworkman/.pico-sdk/sdk/2.1.1/src/rp2_common/pico_runtime/runtime.c.o
 .text.first_per_core_initializer
                0x0000000010001040        0x2 CMakeFiles/blink.dir/Users/aidanworkman/.pico-sdk/sdk/2.1.1/src/rp2_common/pico_runtime/runtime.c.o
 *fill*         0x0000000010001042        0x2 
 .text.runtime_run_initializers
                0x0000000010001044       0x10 CMakeFiles/blink.dir/Users/aidanworkman/.pico-sdk/sdk/2.1.1/src/rp2_common/pico_runtime/runtime.c.o
                0x0000000010001044                runtime_run_initializers
 .text.runtime_init_early_resets
                0x0000000010001054       0x2c CMakeFiles/blink.dir/Users/aidanworkman/.pico-sdk/sdk/2.1.1/src/rp2_common/pico_runtime_init/runtime_init.c.o
                0x0000000010001054                runtime_init_early_resets
 .text.runtime_init_usb_power_down
                0x0000000010001080       0x20 CMakeFiles/blink.dir/Users/aidanworkman/.pico-sdk/sdk/2.1.1/src/rp2_common/pico_runtime_init/runtime_init.c.o
                0x0000000010001080                runtime_init_usb_power_down
 .text.runtime_init_per_core_enable_coprocessors
                0x00000000100010a0       0x1c CMakeFiles/blink.dir/Users/aidanworkman/.pico-sdk/sdk/2.1.1/src/rp2_common/pico_runtime_init/runtime_init.c.o
                0x00000000100010a0                runtime_init_per_core_enable_coprocessors
 .text.runtime_init_post_clock_resets
                0x00000000100010bc       0x20 CMakeFiles/blink.dir/Users/aidanworkman/.pico-sdk/sdk/2.1.1/src/rp2_common/pico_runtime_init/runtime_init.c.o
                0x00000000100010bc                runtime_init_post_clock_resets
 .text.runtime_init_bootrom_reset
                0x00000000100010dc       0x12 CMakeFiles/blink.dir/Users/aidanworkman/.pico-sdk/sdk/2.1.1/src/rp2_common/pico_runtime_init/runtime_init.c.o
                0x00000000100010dc                runtime_init_bootrom_reset
 .text.runtime_init_per_core_bootrom_reset
                0x00000000100010ee       0x12 CMakeFiles/blink.dir/Users/aidanworkman/.pico-sdk/sdk/2.1.1/src/rp2_common/pico_runtime_init/runtime_init.c.o
                0x00000000100010ee                runtime_init_per_core_bootrom_reset
 .text.runtime_init_spin_locks_reset
                0x0000000010001100        0x8 CMakeFiles/blink.dir/Users/aidanworkman/.pico-sdk/sdk/2.1.1/src/rp2_common/pico_runtime_init/runtime_init.c.o
                0x0000000010001100                runtime_init_spin_locks_reset
 .text.runtime_init_install_ram_vector_table
                0x0000000010001108       0x20 CMakeFiles/blink.dir/Users/aidanworkman/.pico-sdk/sdk/2.1.1/src/rp2_common/pico_runtime_init/runtime_init.c.o
                0x0000000010001108                runtime_init_install_ram_vector_table
 .text.start_all_ticks
                0x0000000010001128       0x28 CMakeFiles/blink.dir/Users/aidanworkman/.pico-sdk/sdk/2.1.1/src/rp2_common/pico_runtime_init/runtime_init_clocks.c.o
 .text.runtime_init_clocks
                0x0000000010001150       0xc4 CMakeFiles/blink.dir/Users/aidanworkman/.pico-sdk/sdk/2.1.1/src/rp2_common/pico_runtime_init/runtime_init_clocks.c.o
                0x0000000010001150                runtime_init_clocks
 .text.__rp2350_dcp_engaged_state_save_restore
                0x0000000010001214       0x3a CMakeFiles/blink.dir/Users/aidanworkman/.pico-sdk/sdk/2.1.1/src/rp2_common/pico_double/double_aeabi_dcp.S.o
 *fill*         0x000000001000124e        0x2 
 .text.__wrap___aeabi_dadd
                0x0000000010001250       0x28 CMakeFiles/blink.dir/Users/aidanworkman/.pico-sdk/sdk/2.1.1/src/rp2_common/pico_double/double_aeabi_dcp.S.o
                0x0000000010001258                __wrap___aeabi_dadd
 .text.__wrap___aeabi_dsub
                0x0000000010001278       0x28 CMakeFiles/blink.dir/Users/aidanworkman/.pico-sdk/sdk/2.1.1/src/rp2_common/pico_double/double_aeabi_dcp.S.o
                0x0000000010001280                __wrap___aeabi_dsub
 .text.__wrap___aeabi_dmul
                0x00000000100012a0       0x4c CMakeFiles/blink.dir/Users/aidanworkman/.pico-sdk/sdk/2.1.1/src/rp2_common/pico_double/double_aeabi_dcp.S.o
                0x00000000100012a8                __wrap___aeabi_dmul
 .text.__wrap___aeabi_ddiv
                0x00000000100012ec       0x9c CMakeFiles/blink.dir/Users/aidanworkman/.pico-sdk/sdk/2.1.1/src/rp2_common/pico_double/double_aeabi_dcp.S.o
                0x00000000100012f4                __wrap___aeabi_ddiv
 .text.__wrap___aeabi_i2d
                0x0000000010001388       0x24 CMakeFiles/blink.dir/Users/aidanworkman/.pico-sdk/sdk/2.1.1/src/rp2_common/pico_double/double_aeabi_dcp.S.o
                0x0000000010001390                __wrap___aeabi_i2d
                0x0000000010001390                int2double
 .text.__wrap___aeabi_ui2d
                0x00000000100013ac       0x24 CMakeFiles/blink.dir/Users/aidanworkman/.pico-sdk/sdk/2.1.1/src/rp2_common/pico_double/double_aeabi_dcp.S.o
                0x00000000100013b4                __wrap___aeabi_ui2d
                0x00000000100013b4                uint2double
 .text.__wrap___aeabi_d2iz
                0x00000000100013d0       0x24 CMakeFiles/blink.dir/Users/aidanworkman/.pico-sdk/sdk/2.1.1/src/rp2_common/pico_double/double_aeabi_dcp.S.o
                0x00000000100013d8                __wrap___aeabi_d2iz
                0x00000000100013d8                double2int_z
 .text.__wrap___aeabi_d2uiz
                0x00000000100013f4       0x24 CMakeFiles/blink.dir/Users/aidanworkman/.pico-sdk/sdk/2.1.1/src/rp2_common/pico_double/double_aeabi_dcp.S.o
                0x00000000100013fc                double2uint_z
                0x00000000100013fc                double2uint
                0x00000000100013fc                __wrap___aeabi_d2uiz
 .text.__wrap___aeabi_dcmpun
                0x0000000010001418       0x24 CMakeFiles/blink.dir/Users/aidanworkman/.pico-sdk/sdk/2.1.1/src/rp2_common/pico_double/double_aeabi_dcp.S.o
                0x0000000010001420                __wrap___aeabi_dcmpun
 .text.__wrap___aeabi_dcmplt
                0x000000001000143c       0x28 CMakeFiles/blink.dir/Users/aidanworkman/.pico-sdk/sdk/2.1.1/src/rp2_common/pico_double/double_aeabi_dcp.S.o
                0x0000000010001444                __wrap___aeabi_dcmplt
 .text.__wrap___aeabi_dcmple
                0x0000000010001464       0x28 CMakeFiles/blink.dir/Users/aidanworkman/.pico-sdk/sdk/2.1.1/src/rp2_common/pico_double/double_aeabi_dcp.S.o
                0x000000001000146c                __wrap___aeabi_dcmple
 .text.__wrap___aeabi_dcmpge
                0x000000001000148c       0x28 CMakeFiles/blink.dir/Users/aidanworkman/.pico-sdk/sdk/2.1.1/src/rp2_common/pico_double/double_aeabi_dcp.S.o
                0x0000000010001494                __wrap___aeabi_dcmpge
 .text.__wrap___aeabi_dcmpgt
                0x00000000100014b4       0x28 CMakeFiles/blink.dir/Users/aidanworkman/.pico-sdk/sdk/2.1.1/src/rp2_common/pico_double/double_aeabi_dcp.S.o
                0x00000000100014bc                __wrap___aeabi_dcmpgt
 .text._out_null
                0x00000000100014dc        0x2 CMakeFiles/blink.dir/Users/aidanworkman/.pico-sdk/sdk/2.1.1/src/rp2_common/pico_printf/printf.c.o
 .text._out_fct
                0x00000000100014de        0xe CMakeFiles/blink.dir/Users/aidanworkman/.pico-sdk/sdk/2.1.1/src/rp2_common/pico_printf/printf.c.o
 .text._atoi    0x00000000100014ec       0x24 CMakeFiles/blink.dir/Users/aidanworkman/.pico-sdk/sdk/2.1.1/src/rp2_common/pico_printf/printf.c.o
 .text._out_rev
                0x0000000010001510       0x7e CMakeFiles/blink.dir/Users/aidanworkman/.pico-sdk/sdk/2.1.1/src/rp2_common/pico_printf/printf.c.o
 .text._ntoa_format
                0x000000001000158e      0x138 CMakeFiles/blink.dir/Users/aidanworkman/.pico-sdk/sdk/2.1.1/src/rp2_common/pico_printf/printf.c.o
 .text._ntoa_long
                0x00000000100016c6       0x94 CMakeFiles/blink.dir/Users/aidanworkman/.pico-sdk/sdk/2.1.1/src/rp2_common/pico_printf/printf.c.o
 .text._ntoa_long_long
                0x000000001000175a       0xc6 CMakeFiles/blink.dir/Users/aidanworkman/.pico-sdk/sdk/2.1.1/src/rp2_common/pico_printf/printf.c.o
 .text._etoa    0x0000000010001820      0x41c CMakeFiles/blink.dir/Users/aidanworkman/.pico-sdk/sdk/2.1.1/src/rp2_common/pico_printf/printf.c.o
 *fill*         0x0000000010001c3c        0x4 
 .text._ftoa    0x0000000010001c40      0x398 CMakeFiles/blink.dir/Users/aidanworkman/.pico-sdk/sdk/2.1.1/src/rp2_common/pico_printf/printf.c.o
 .text._vsnprintf
                0x0000000010001fd8      0x680 CMakeFiles/blink.dir/Users/aidanworkman/.pico-sdk/sdk/2.1.1/src/rp2_common/pico_printf/printf.c.o
 .text.vfctprintf
                0x0000000010002658       0x24 CMakeFiles/blink.dir/Users/aidanworkman/.pico-sdk/sdk/2.1.1/src/rp2_common/pico_printf/printf.c.o
                0x0000000010002658                vfctprintf
 .text._exit    0x000000001000267c        0x4 CMakeFiles/blink.dir/Users/aidanworkman/.pico-sdk/sdk/2.1.1/src/rp2_common/pico_clib_interface/newlib_interface.c.o
                0x000000001000267c                _exit
 .text.exit     0x0000000010002680        0x6 CMakeFiles/blink.dir/Users/aidanworkman/.pico-sdk/sdk/2.1.1/src/rp2_common/pico_clib_interface/newlib_interface.c.o
                0x0000000010002680                exit
 *fill*         0x0000000010002686        0x2 
 .text.__assert_func
                0x0000000010002688       0x38 CMakeFiles/blink.dir/Users/aidanworkman/.pico-sdk/sdk/2.1.1/src/rp2_common/pico_clib_interface/newlib_interface.c.o
                0x0000000010002688                __assert_func
 .text.runtime_init
                0x00000000100026c0       0x2c CMakeFiles/blink.dir/Users/aidanworkman/.pico-sdk/sdk/2.1.1/src/rp2_common/pico_clib_interface/newlib_interface.c.o
                0x00000000100026c0                runtime_init
 .text.stdio_out_chars_no_crlf
                0x00000000100026ec        0xe CMakeFiles/blink.dir/Users/aidanworkman/.pico-sdk/sdk/2.1.1/src/rp2_common/pico_stdio/stdio.c.o
 *fill*         0x00000000100026fa        0x2 
 .text.stdio_out_chars_crlf
                0x00000000100026fc       0x80 CMakeFiles/blink.dir/Users/aidanworkman/.pico-sdk/sdk/2.1.1/src/rp2_common/pico_stdio/stdio.c.o
 .text.stdio_stack_buffer_flush
                0x000000001000277c       0x40 CMakeFiles/blink.dir/Users/aidanworkman/.pico-sdk/sdk/2.1.1/src/rp2_common/pico_stdio/stdio.c.o
 .text.stdio_buffered_printer
                0x00000000100027bc       0x20 CMakeFiles/blink.dir/Users/aidanworkman/.pico-sdk/sdk/2.1.1/src/rp2_common/pico_stdio/stdio.c.o
 .text.stdout_serialize_begin
                0x00000000100027dc       0x2c CMakeFiles/blink.dir/Users/aidanworkman/.pico-sdk/sdk/2.1.1/src/rp2_common/pico_stdio/stdio.c.o
                0x00000000100027dc                stdout_serialize_begin
 .text.stdout_serialize_end
                0x0000000010002808       0x10 CMakeFiles/blink.dir/Users/aidanworkman/.pico-sdk/sdk/2.1.1/src/rp2_common/pico_stdio/stdio.c.o
                0x0000000010002808                stdout_serialize_end
 .text.stdio_put_string
                0x0000000010002818       0x8c CMakeFiles/blink.dir/Users/aidanworkman/.pico-sdk/sdk/2.1.1/src/rp2_common/pico_stdio/stdio.c.o
                0x0000000010002818                stdio_put_string
 .text.stdio_flush
                0x00000000100028a4       0x1c CMakeFiles/blink.dir/Users/aidanworkman/.pico-sdk/sdk/2.1.1/src/rp2_common/pico_stdio/stdio.c.o
                0x00000000100028a4                stdio_flush
 .text.__wrap_puts
                0x00000000100028c0       0x1e CMakeFiles/blink.dir/Users/aidanworkman/.pico-sdk/sdk/2.1.1/src/rp2_common/pico_stdio/stdio.c.o
                0x00000000100028c0                __wrap_puts
                0x00000000100028c0                stdio_puts
 *fill*         0x00000000100028de        0x2 
 .text.__wrap_vprintf
                0x00000000100028e0       0x3c CMakeFiles/blink.dir/Users/aidanworkman/.pico-sdk/sdk/2.1.1/src/rp2_common/pico_stdio/stdio.c.o
                0x00000000100028e0                __wrap_vprintf
                0x00000000100028e0                stdio_vprintf
 .text.__wrap_printf
                0x000000001000291c       0x1c CMakeFiles/blink.dir/Users/aidanworkman/.pico-sdk/sdk/2.1.1/src/rp2_common/pico_stdio/stdio.c.o
                0x000000001000291c                stdio_printf
                0x000000001000291c                __wrap_printf
 .text          0x0000000010002938       0xec /opt/homebrew/Cellar/arm-none-eabi-gcc/10.3-2021.10/gcc/bin/../lib/gcc/arm-none-eabi/10.3.1/../../../../arm-none-eabi/lib/thumb/v8-m.main+fp/softfp/libg.a(lib_a-memcpy.o)
                0x0000000010002938                memcpy
 .text.strlen   0x0000000010002a24       0x5c /opt/homebrew/Cellar/arm-none-eabi-gcc/10.3-2021.10/gcc/bin/../lib/gcc/arm-none-eabi/10.3.1/../../../../arm-none-eabi/lib/thumb/v8-m.main+fp/softfp/libg.a(lib_a-strlen-stub.o)
                0x0000000010002a24                strlen
 *(.fini)
 .fini          0x0000000010002a80        0x4 /opt/homebrew/Cellar/arm-none-eabi-gcc/10.3-2021.10/gcc/bin/../lib/gcc/arm-none-eabi/10.3.1/thumb/v8-m.main+fp/softfp/crti.o
                0x0000000010002a80                _fini
 *fill*         0x0000000010002a84        0x4 
 .fini.__stub   0x0000000010002a88       0x30 linker stubs
 *crtbegin.o(.ctors)
 *crtbegin?.o(.ctors)
 *(EXCLUDE_FILE(*crtend.o *crtend?.o) .ctors)
 *(SORT_BY_NAME(.ctors.*))
 *(.ctors)
 *crtbegin.o(.dtors)
 *crtbegin?.o(.dtors)
 *(EXCLUDE_FILE(*crtend.o *crtend?.o) .dtors)
 *(SORT_BY_NAME(.dtors.*))
 *(.dtors)
                0x0000000010002ab8                . = ALIGN (0x4)
                0x0000000010002ab8                PROVIDE (__preinit_array_start = .)
 *(SORT_BY_NAME(.preinit_array.*))
 .preinit_array.00050
                0x0000000010002ab8        0x4 CMakeFiles/blink.dir/Users/aidanworkman/.pico-sdk/sdk/2.1.1/src/rp2_common/pico_runtime_init/runtime_init.c.o
                0x0000000010002ab8                __pre_init_runtime_init_bootrom_reset
 .preinit_array.00100
                0x0000000010002abc        0x4 CMakeFiles/blink.dir/Users/aidanworkman/.pico-sdk/sdk/2.1.1/src/rp2_common/pico_runtime_init/runtime_init.c.o
                0x0000000010002abc                __pre_init_runtime_init_early_resets
 .preinit_array.00101
                0x0000000010002ac0        0x4 CMakeFiles/blink.dir/Users/aidanworkman/.pico-sdk/sdk/2.1.1/src/rp2_common/pico_runtime_init/runtime_init.c.o
                0x0000000010002ac0                __pre_init_runtime_init_usb_power_down
 .preinit_array.00500
                0x0000000010002ac4        0x4 CMakeFiles/blink.dir/Users/aidanworkman/.pico-sdk/sdk/2.1.1/src/rp2_common/pico_runtime_init/runtime_init.c.o
                0x0000000010002ac4                __pre_init_runtime_init_clocks
 .preinit_array.00600
                0x0000000010002ac8        0x4 CMakeFiles/blink.dir/Users/aidanworkman/.pico-sdk/sdk/2.1.1/src/rp2_common/pico_runtime_init/runtime_init.c.o
                0x0000000010002ac8                __pre_init_runtime_init_post_clock_resets
 .preinit_array.01000
                0x0000000010002acc        0x4 CMakeFiles/blink.dir/Users/aidanworkman/.pico-sdk/sdk/2.1.1/src/rp2_common/hardware_boot_lock/boot_lock.c.o
                0x0000000010002acc                __pre_init_runtime_init_boot_locks_reset
 .preinit_array.01000
                0x0000000010002ad0        0x4 CMakeFiles/blink.dir/Users/aidanworkman/.pico-sdk/sdk/2.1.1/src/rp2_common/pico_runtime_init/runtime_init.c.o
                0x0000000010002ad0                __pre_init_runtime_init_spin_locks_reset
 .preinit_array.01010
                0x0000000010002ad4        0x4 CMakeFiles/blink.dir/Users/aidanworkman/.pico-sdk/sdk/2.1.1/src/rp2_common/pico_bootrom/bootrom_lock.c.o
                0x0000000010002ad4                __pre_init_runtime_init_bootrom_locking_enable
 .preinit_array.01100
                0x0000000010002ad8        0x4 CMakeFiles/blink.dir/Users/aidanworkman/.pico-sdk/sdk/2.1.1/src/common/pico_sync/mutex.c.o
                0x0000000010002ad8                __pre_init_runtime_init_mutex
 .preinit_array.10080
                0x0000000010002adc        0x4 CMakeFiles/blink.dir/Users/aidanworkman/.pico-sdk/sdk/2.1.1/src/rp2_common/pico_runtime_init/runtime_init.c.o
                0x0000000010002adc                __pre_init_runtime_init_install_ram_vector_table
 .preinit_array.11000
                0x0000000010002ae0        0x4 CMakeFiles/blink.dir/Users/aidanworkman/.pico-sdk/sdk/2.1.1/src/common/pico_time/time.c.o
                0x0000000010002ae0                __pre_init_runtime_init_default_alarm_pool
 .preinit_array.YYYYY
                0x0000000010002ae4        0x4 CMakeFiles/blink.dir/Users/aidanworkman/.pico-sdk/sdk/2.1.1/src/rp2_common/pico_runtime/runtime.c.o
                0x0000000010002ae4                __pre_init_first_per_core_initializer
 .preinit_array.ZZZZZ.00051
                0x0000000010002ae8        0x4 CMakeFiles/blink.dir/Users/aidanworkman/.pico-sdk/sdk/2.1.1/src/rp2_common/pico_runtime_init/runtime_init.c.o
                0x0000000010002ae8                __pre_init_runtime_init_per_core_bootrom_reset
 .preinit_array.ZZZZZ.00200
                0x0000000010002aec        0x4 CMakeFiles/blink.dir/Users/aidanworkman/.pico-sdk/sdk/2.1.1/src/rp2_common/pico_runtime_init/runtime_init.c.o
                0x0000000010002aec                __pre_init_runtime_init_per_core_enable_coprocessors
 .preinit_array.ZZZZZ.01000
                0x0000000010002af0        0x4 CMakeFiles/blink.dir/Users/aidanworkman/.pico-sdk/sdk/2.1.1/src/rp2_common/hardware_sync_spin_lock/sync_spin_lock.c.o
                0x0000000010002af0                __pre_init_spinlock_set_extexclall
 .preinit_array.ZZZZZ.01200
                0x0000000010002af4        0x4 CMakeFiles/blink.dir/Users/aidanworkman/.pico-sdk/sdk/2.1.1/src/rp2_common/hardware_irq/irq.c.o
                0x0000000010002af4                __pre_init_runtime_init_per_core_irq_priorities
 *(.preinit_array)
                0x0000000010002af8                PROVIDE (__preinit_array_end = .)
                0x0000000010002af8                . = ALIGN (0x4)
                0x0000000010002af8                PROVIDE (__init_array_start = .)
 *(SORT_BY_NAME(.init_array.*))
 *(.init_array)
 .init_array    0x0000000010002af8        0x4 /opt/homebrew/Cellar/arm-none-eabi-gcc/10.3-2021.10/gcc/bin/../lib/gcc/arm-none-eabi/10.3.1/thumb/v8-m.main+fp/softfp/crtbegin.o
                0x0000000010002afc                PROVIDE (__init_array_end = .)
                0x0000000010002afc                . = ALIGN (0x4)
                [!provide]                        PROVIDE (__fini_array_start = .)
 *(SORT_BY_NAME(.fini_array.*))
 *(.fini_array)
                [!provide]                        PROVIDE (__fini_array_end = .)
 *(.eh_frame*)
 .eh_frame      0x0000000010002afc        0x0 /opt/homebrew/Cellar/arm-none-eabi-gcc/10.3-2021.10/gcc/bin/../lib/gcc/arm-none-eabi/10.3.1/thumb/v8-m.main+fp/softfp/crtbegin.o
                0x0000000010002afc                . = ALIGN (0x4)

.glue_7         0x0000000010002afc        0x0
 .glue_7        0x0000000010002afc        0x0 linker stubs

.glue_7t        0x0000000010002afc        0x0
 .glue_7t       0x0000000010002afc        0x0 linker stubs

.vfp11_veneer   0x0000000010002afc        0x0
 .vfp11_veneer  0x0000000010002afc        0x0 linker stubs

.v4_bx          0x0000000010002afc        0x0
 .v4_bx         0x0000000010002afc        0x0 linker stubs

.iplt           0x0000000010002afc        0x0
 .iplt          0x0000000010002afc        0x0 /opt/homebrew/Cellar/arm-none-eabi-gcc/10.3-2021.10/gcc/bin/../lib/gcc/arm-none-eabi/10.3.1/thumb/v8-m.main+fp/softfp/crtbegin.o

.boot2          0x0000000010002afc        0x0
                0x0000000010002afc                __boot2_start__ = .
 *(.boot2)
                0x0000000010002afc                __boot2_end__ = .
                0x0000000000000001                ASSERT (((__boot2_end__ - __boot2_start__) <= 0x100), ERROR: Pico second stage bootloader must be no more than 256 bytes in size)

.rodata         0x0000000010002b00      0x5c4
 *(EXCLUDE_FILE(*libm.a: *libc.a:*lib_a-mem*.o *libgcc.a:) .rodata*)
 .rodata.main.str1.4
                0x0000000010002b00       0x40 CMakeFiles/blink.dir/blink.c.o
 .rodata.__func__.0
                0x0000000010002b40        0x5 CMakeFiles/blink.dir/blink.c.o
 *fill*         0x0000000010002b45        0x3 
 .rodata.panic.str1.4
                0x0000000010002b48       0x12 CMakeFiles/blink.dir/Users/aidanworkman/.pico-sdk/sdk/2.1.1/src/rp2_common/pico_platform_panic/panic.c.o
 *fill*         0x0000000010002b5a        0x2 
 .rodata.make_j_16.str1.4
                0x0000000010002b5c       0x7a CMakeFiles/blink.dir/Users/aidanworkman/.pico-sdk/sdk/2.1.1/src/rp2_common/hardware_irq/irq.c.o
 *fill*         0x0000000010002bd6        0x2 
 .rodata.irq_set_exclusive_handler.str1.4
                0x0000000010002bd8       0x36 CMakeFiles/blink.dir/Users/aidanworkman/.pico-sdk/sdk/2.1.1/src/rp2_common/hardware_irq/irq.c.o
 *fill*         0x0000000010002c0e        0x2 
 .rodata.__func__.6
                0x0000000010002c10       0x1a CMakeFiles/blink.dir/Users/aidanworkman/.pico-sdk/sdk/2.1.1/src/rp2_common/hardware_irq/irq.c.o
 *fill*         0x0000000010002c2a        0x2 
 .rodata.runtime_init_mutex.str1.4
                0x0000000010002c2c       0x65 CMakeFiles/blink.dir/Users/aidanworkman/.pico-sdk/sdk/2.1.1/src/common/pico_sync/mutex.c.o
 *fill*         0x0000000010002c91        0x3 
 .rodata.str1.4
                0x0000000010002c94       0x51 CMakeFiles/blink.dir/Users/aidanworkman/.pico-sdk/sdk/2.1.1/src/common/pico_sync/mutex.c.o
 *fill*         0x0000000010002ce5        0x3 
 .rodata.__func__.1
                0x0000000010002ce8        0xb CMakeFiles/blink.dir/Users/aidanworkman/.pico-sdk/sdk/2.1.1/src/common/pico_sync/mutex.c.o
 *fill*         0x0000000010002cf3        0x1 
 .rodata.__func__.3
                0x0000000010002cf4       0x18 CMakeFiles/blink.dir/Users/aidanworkman/.pico-sdk/sdk/2.1.1/src/common/pico_sync/mutex.c.o
 .rodata.__func__.6
                0x0000000010002d0c       0x13 CMakeFiles/blink.dir/Users/aidanworkman/.pico-sdk/sdk/2.1.1/src/common/pico_sync/mutex.c.o
 *fill*         0x0000000010002d1f        0x1 
 .rodata.alarm_pool_irq_handler.str1.4
                0x0000000010002d20       0x70 CMakeFiles/blink.dir/Users/aidanworkman/.pico-sdk/sdk/2.1.1/src/common/pico_time/time.c.o
 .rodata.alarm_pool_get_default.str1.4
                0x0000000010002d90       0x21 CMakeFiles/blink.dir/Users/aidanworkman/.pico-sdk/sdk/2.1.1/src/common/pico_time/time.c.o
 *fill*         0x0000000010002db1        0x3 
 .rodata.sleep_until.str1.4
                0x0000000010002db4       0x4d CMakeFiles/blink.dir/Users/aidanworkman/.pico-sdk/sdk/2.1.1/src/common/pico_time/time.c.o
 *fill*         0x0000000010002e01        0x3 
 .rodata.__func__.1
                0x0000000010002e04       0x17 CMakeFiles/blink.dir/Users/aidanworkman/.pico-sdk/sdk/2.1.1/src/common/pico_time/time.c.o
 *fill*         0x0000000010002e1b        0x1 
 .rodata.__func__.2
                0x0000000010002e1c       0x17 CMakeFiles/blink.dir/Users/aidanworkman/.pico-sdk/sdk/2.1.1/src/common/pico_time/time.c.o
 *fill*         0x0000000010002e33        0x1 
 .rodata.timer_hardware_alarm_claim.str1.4
                0x0000000010002e34       0x22 CMakeFiles/blink.dir/Users/aidanworkman/.pico-sdk/sdk/2.1.1/src/rp2_common/hardware_timer/timer.c.o
 *fill*         0x0000000010002e56        0x2 
 .rodata.pll_init.str1.4
                0x0000000010002e58      0x120 CMakeFiles/blink.dir/Users/aidanworkman/.pico-sdk/sdk/2.1.1/src/rp2_common/hardware_pll/pll.c.o
 .rodata.__func__.0
                0x0000000010002f78        0x9 CMakeFiles/blink.dir/Users/aidanworkman/.pico-sdk/sdk/2.1.1/src/rp2_common/hardware_pll/pll.c.o
 *fill*         0x0000000010002f81        0x3 
 .rodata.str1.4
                0x0000000010002f84       0x3c CMakeFiles/blink.dir/Users/aidanworkman/.pico-sdk/sdk/2.1.1/src/rp2_common/pico_standard_binary_info/standard_binary_info.c.o
 .rodata.__bi_26
                0x0000000010002fc0        0xc CMakeFiles/blink.dir/Users/aidanworkman/.pico-sdk/sdk/2.1.1/src/rp2_common/pico_standard_binary_info/standard_binary_info.c.o
 .rodata.__bi_34
                0x0000000010002fcc        0xc CMakeFiles/blink.dir/Users/aidanworkman/.pico-sdk/sdk/2.1.1/src/rp2_common/pico_standard_binary_info/standard_binary_info.c.o
 .rodata.__bi_42
                0x0000000010002fd8        0xc CMakeFiles/blink.dir/Users/aidanworkman/.pico-sdk/sdk/2.1.1/src/rp2_common/pico_standard_binary_info/standard_binary_info.c.o
 .rodata.__bi_48
                0x0000000010002fe4        0xc CMakeFiles/blink.dir/Users/aidanworkman/.pico-sdk/sdk/2.1.1/src/rp2_common/pico_standard_binary_info/standard_binary_info.c.o
 .rodata.__bi_54
                0x0000000010002ff0        0xc CMakeFiles/blink.dir/Users/aidanworkman/.pico-sdk/sdk/2.1.1/src/rp2_common/pico_standard_binary_info/standard_binary_info.c.o
 .rodata.__bi_78
                0x0000000010002ffc        0xc CMakeFiles/blink.dir/Users/aidanworkman/.pico-sdk/sdk/2.1.1/src/rp2_common/pico_standard_binary_info/standard_binary_info.c.o
 .rodata.__bi_84
                0x0000000010003008        0xc CMakeFiles/blink.dir/Users/aidanworkman/.pico-sdk/sdk/2.1.1/src/rp2_common/pico_standard_binary_info/standard_binary_info.c.o
 .rodata._ftoa.str1.4
                0x0000000010003014       0x15 CMakeFiles/blink.dir/Users/aidanworkman/.pico-sdk/sdk/2.1.1/src/rp2_common/pico_printf/printf.c.o
 *fill*         0x0000000010003029        0x7 
 .rodata.pow10.0
                0x0000000010003030       0x50 CMakeFiles/blink.dir/Users/aidanworkman/.pico-sdk/sdk/2.1.1/src/rp2_common/pico_printf/printf.c.o
 .rodata.__assert_func.str1.4
                0x0000000010003080       0x3f CMakeFiles/blink.dir/Users/aidanworkman/.pico-sdk/sdk/2.1.1/src/rp2_common/pico_clib_interface/newlib_interface.c.o
                                         0x43 (size before relaxing)
 *fill*         0x00000000100030bf        0x1 
 .rodata.crlf_str.0
                0x00000000100030c0        0x2 CMakeFiles/blink.dir/Users/aidanworkman/.pico-sdk/sdk/2.1.1/src/rp2_common/pico_stdio/stdio.c.o
 *(.srodata*)
                0x00000000100030c4                . = ALIGN (0x4)
 *fill*         0x00000000100030c2        0x2 
 *(SORT_BY_ALIGNMENT(SORT_BY_NAME(.flashdata*)))
                0x00000000100030c4                . = ALIGN (0x4)

.ARM.extab
 *(.ARM.extab* .gnu.linkonce.armextab.*)
                0x00000000100030c4                __exidx_start = .

.ARM.exidx      0x00000000100030c4        0x8
 *(.ARM.exidx* .gnu.linkonce.armexidx.*)
 .ARM.exidx     0x00000000100030c4        0x8 /opt/homebrew/Cellar/arm-none-eabi-gcc/10.3-2021.10/gcc/bin/../lib/gcc/arm-none-eabi/10.3.1/thumb/v8-m.main+fp/softfp/libgcc.a(_udivmoddi4.o)
                0x00000000100030cc                __exidx_end = .
                0x00000000100030cc                . = ALIGN (0x4)
                0x00000000100030cc                __binary_info_start = .

.binary_info    0x00000000100030cc       0x1c
 *(.binary_info.keep.*)
 .binary_info.keep.__bi_ptr26
                0x00000000100030cc        0x4 CMakeFiles/blink.dir/Users/aidanworkman/.pico-sdk/sdk/2.1.1/src/rp2_common/pico_standard_binary_info/standard_binary_info.c.o
 .binary_info.keep.__bi_ptr34
                0x00000000100030d0        0x4 CMakeFiles/blink.dir/Users/aidanworkman/.pico-sdk/sdk/2.1.1/src/rp2_common/pico_standard_binary_info/standard_binary_info.c.o
 .binary_info.keep.__bi_ptr42
                0x00000000100030d4        0x4 CMakeFiles/blink.dir/Users/aidanworkman/.pico-sdk/sdk/2.1.1/src/rp2_common/pico_standard_binary_info/standard_binary_info.c.o
 .binary_info.keep.__bi_ptr48
                0x00000000100030d8        0x4 CMakeFiles/blink.dir/Users/aidanworkman/.pico-sdk/sdk/2.1.1/src/rp2_common/pico_standard_binary_info/standard_binary_info.c.o
 .binary_info.keep.__bi_ptr54
                0x00000000100030dc        0x4 CMakeFiles/blink.dir/Users/aidanworkman/.pico-sdk/sdk/2.1.1/src/rp2_common/pico_standard_binary_info/standard_binary_info.c.o
 .binary_info.keep.__bi_ptr78
                0x00000000100030e0        0x4 CMakeFiles/blink.dir/Users/aidanworkman/.pico-sdk/sdk/2.1.1/src/rp2_common/pico_standard_binary_info/standard_binary_info.c.o
 .binary_info.keep.__bi_ptr84
                0x00000000100030e4        0x4 CMakeFiles/blink.dir/Users/aidanworkman/.pico-sdk/sdk/2.1.1/src/rp2_common/pico_standard_binary_info/standard_binary_info.c.o
 *(.binary_info.*)
                0x00000000100030e8                __binary_info_end = .
                0x00000000100030e8                . = ALIGN (0x4)

.ram_vector_table
                0x0000000020000000      0x110
 *(.ram_vector_table)
 .ram_vector_table
                0x0000000020000000      0x110 CMakeFiles/blink.dir/Users/aidanworkman/.pico-sdk/sdk/2.1.1/src/rp2_common/pico_runtime_init/runtime_init.c.o
                0x0000000020000000                ram_vector_table

.uninitialized_data
                0x0000000020000110        0x0
                0x0000000020000110                . = ALIGN (0x4)
 *(.uninitialized_data*)

.data           0x0000000020000110      0x4cc load address 0x00000000100030e8
                0x0000000020000110                __data_start__ = .
 *(vtable)
 *(.time_critical*)
 .time_critical.mutex_try_enter
                0x0000000020000110       0x56 CMakeFiles/blink.dir/Users/aidanworkman/.pico-sdk/sdk/2.1.1/src/common/pico_sync/mutex.c.o
                0x0000000020000110                mutex_try_enter
 *fill*         0x0000000020000166        0x2 
 .time_critical.mutex_enter_block_until
                0x0000000020000168       0x84 CMakeFiles/blink.dir/Users/aidanworkman/.pico-sdk/sdk/2.1.1/src/common/pico_sync/mutex.c.o
                0x0000000020000168                mutex_enter_block_until
 .time_critical.mutex_try_enter_block_until
                0x00000000200001ec       0x32 CMakeFiles/blink.dir/Users/aidanworkman/.pico-sdk/sdk/2.1.1/src/common/pico_sync/mutex.c.o
                0x00000000200001ec                mutex_try_enter_block_until
 *fill*         0x000000002000021e        0x2 
 .time_critical.mutex_exit
                0x0000000020000220       0x58 CMakeFiles/blink.dir/Users/aidanworkman/.pico-sdk/sdk/2.1.1/src/common/pico_sync/mutex.c.o
                0x0000000020000220                mutex_exit
 *(.text*)
 .text          0x0000000020000278       0x30 /opt/homebrew/Cellar/arm-none-eabi-gcc/10.3-2021.10/gcc/bin/../lib/gcc/arm-none-eabi/10.3.1/thumb/v8-m.main+fp/softfp/libgcc.a(_aeabi_uldivmod.o)
                0x0000000020000278                __aeabi_uldivmod
 .text          0x00000000200002a8      0x2ec /opt/homebrew/Cellar/arm-none-eabi-gcc/10.3-2021.10/gcc/bin/../lib/gcc/arm-none-eabi/10.3.1/thumb/v8-m.main+fp/softfp/libgcc.a(_udivmoddi4.o)
                0x00000000200002a8                __udivmoddi4
 .text          0x0000000020000594        0x4 /opt/homebrew/Cellar/arm-none-eabi-gcc/10.3-2021.10/gcc/bin/../lib/gcc/arm-none-eabi/10.3.1/thumb/v8-m.main+fp/softfp/libgcc.a(_dvmd_tls.o)
                0x0000000020000594                __aeabi_ldiv0
                0x0000000020000594                __aeabi_idiv0
 .text.__stub   0x0000000020000598       0x20 linker stubs
                0x00000000200005b8                . = ALIGN (0x4)
 *(.rodata*)
                0x00000000200005b8                . = ALIGN (0x4)
 *(.data*)
 .data.striped_spin_lock_num
                0x00000000200005b8        0x1 CMakeFiles/blink.dir/Users/aidanworkman/.pico-sdk/sdk/2.1.1/src/rp2_common/hardware_sync/sync.c.o
 *fill*         0x00000000200005b9        0x3 
 .data.default_alarm_pool
                0x00000000200005bc       0x18 CMakeFiles/blink.dir/Users/aidanworkman/.pico-sdk/sdk/2.1.1/src/common/pico_time/time.c.o
 *(.sdata*)
                0x00000000200005d4                . = ALIGN (0x4)
 *(.after_data.*)
                0x00000000200005d4                . = ALIGN (0x4)
                0x00000000200005d4                PROVIDE (__mutex_array_start = .)
 *(SORT_BY_NAME(.mutex_array.*))
 *(.mutex_array)
 .mutex_array   0x00000000200005d4        0x8 CMakeFiles/blink.dir/Users/aidanworkman/.pico-sdk/sdk/2.1.1/src/rp2_common/pico_stdio/stdio.c.o
                0x00000000200005dc                PROVIDE (__mutex_array_end = .)
 *(.jcr)
                0x00000000200005dc                . = ALIGN (0x4)

.igot.plt       0x00000000200005dc        0x0 load address 0x00000000100035b4
 .igot.plt      0x00000000200005dc        0x0 /opt/homebrew/Cellar/arm-none-eabi-gcc/10.3-2021.10/gcc/bin/../lib/gcc/arm-none-eabi/10.3.1/thumb/v8-m.main+fp/softfp/crtbegin.o

.tdata          0x00000000200005dc        0x0 load address 0x00000000100035b4
                0x00000000200005dc                . = ALIGN (0x4)
 *(.tdata .tdata.* .gnu.linkonce.td.*)
                0x00000000200005dc                __tdata_end = .
                0x00000000200005dc                PROVIDE (__data_end__ = .)
                0x00000000100030e8                __etext = LOADADDR (.data)

.tbss           0x00000000200005dc        0x0 load address 0x00000000100035b4
                0x00000000200005dc                . = ALIGN (0x4)
                0x00000000200005dc                __bss_start__ = .
                0x00000000200005dc                __tls_base = .
 *(.tbss .tbss.* .gnu.linkonce.tb.*)
 *(.tcommon)
                0x00000000200005dc                __tls_end = .

.bss            0x00000000200005e0      0x214 load address 0x00000000100035b4
                0x00000000200005e0                . = ALIGN (0x4)
                0x00000000200005e0                __tbss_end = .
 *(SORT_BY_ALIGNMENT(SORT_BY_NAME(.bss*)))
 .bss.default_alarm_pool_entries
                0x00000000200005e0      0x180 CMakeFiles/blink.dir/Users/aidanworkman/.pico-sdk/sdk/2.1.1/src/common/pico_time/time.c.o
 .bss           0x0000000020000760       0x1c /opt/homebrew/Cellar/arm-none-eabi-gcc/10.3-2021.10/gcc/bin/../lib/gcc/arm-none-eabi/10.3.1/thumb/v8-m.main+fp/softfp/crtbegin.o
 .bss._sw_spin_locks
                0x000000002000077c       0x20 CMakeFiles/blink.dir/Users/aidanworkman/.pico-sdk/sdk/2.1.1/src/rp2_common/hardware_sync_spin_lock/sync_spin_lock.c.o
                0x000000002000077c                _sw_spin_locks
 .bss.claimed   0x000000002000079c        0x2 CMakeFiles/blink.dir/Users/aidanworkman/.pico-sdk/sdk/2.1.1/src/rp2_common/hardware_timer/timer.c.o
 *fill*         0x000000002000079e        0x2 
 .bss.configured_freq
                0x00000000200007a0       0x28 CMakeFiles/blink.dir/Users/aidanworkman/.pico-sdk/sdk/2.1.1/src/rp2_common/hardware_clocks/clocks.c.o
 .bss.drivers   0x00000000200007c8        0x4 CMakeFiles/blink.dir/Users/aidanworkman/.pico-sdk/sdk/2.1.1/src/rp2_common/pico_stdio/stdio.c.o
 .bss.filter    0x00000000200007cc        0x4 CMakeFiles/blink.dir/Users/aidanworkman/.pico-sdk/sdk/2.1.1/src/rp2_common/pico_stdio/stdio.c.o
 .bss.pools     0x00000000200007d0       0x20 CMakeFiles/blink.dir/Users/aidanworkman/.pico-sdk/sdk/2.1.1/src/common/pico_time/time.c.o
 .bss.sleep_notifier
                0x00000000200007f0        0x4 CMakeFiles/blink.dir/Users/aidanworkman/.pico-sdk/sdk/2.1.1/src/common/pico_time/time.c.o
 *(COMMON)
                [!provide]                        PROVIDE (__global_pointer$ = (. + 0x800))
 *(.sbss*)
                0x00000000200007f4                . = ALIGN (0x4)
                0x00000000200007f4                __bss_end__ = .

.heap           0x00000000200007f4      0x800 load address 0x00000000100035b4
                0x00000000200007f4                __end__ = .
                0x00000000200007f4                end = __end__
 *(.heap*)
 .heap          0x00000000200007f4      0x800 CMakeFiles/blink.dir/Users/aidanworkman/.pico-sdk/sdk/2.1.1/src/rp2_common/pico_crt0/crt0.S.o
                0x0000000020080000                __HeapLimit = (ORIGIN (RAM) + LENGTH (RAM))

.scratch_x      0x0000000020080000        0x0 load address 0x00000000100035b4
                0x0000000020080000                __scratch_x_start__ = .
 *(.scratch_x.*)
                0x0000000020080000                . = ALIGN (0x4)
                0x0000000020080000                __scratch_x_end__ = .
                0x00000000100035b4                __scratch_x_source__ = LOADADDR (.scratch_x)

.scratch_y      0x0000000020081000        0x0 load address 0x00000000100035b4
                0x0000000020081000                __scratch_y_start__ = .
 *(.scratch_y.*)
                0x0000000020081000                . = ALIGN (0x4)
                0x0000000020081000                __scratch_y_end__ = .
                0x00000000100035b4                __scratch_y_source__ = LOADADDR (.scratch_y)

.stack1_dummy   0x0000000020080000        0x0
 *(.stack1*)

.stack_dummy    0x0000000020081000      0x800
 *(.stack*)
 .stack         0x0000000020081000      0x800 CMakeFiles/blink.dir/Users/aidanworkman/.pico-sdk/sdk/2.1.1/src/rp2_common/pico_crt0/crt0.S.o

.flash_end      0x00000000100035b4       0x14
 *(.embedded_end_block*)
 .embedded_end_block
                0x00000000100035b4       0x14 CMakeFiles/blink.dir/Users/aidanworkman/.pico-sdk/sdk/2.1.1/src/rp2_common/pico_crt0/crt0.S.o
                0x00000000100035c8                PROVIDE (__flash_binary_end = .)
                0x0000000020080000                __StackLimit = (ORIGIN (RAM) + LENGTH (RAM))
                0x0000000020081000                __StackOneTop = (ORIGIN (SCRATCH_X) + LENGTH (SCRATCH_X))
                0x0000000020082000                __StackTop = (ORIGIN (SCRATCH_Y) + LENGTH (SCRATCH_Y))
                0x0000000020081000                __StackOneBottom = (__StackOneTop - SIZEOF (.stack1_dummy))
                0x0000000020081800                __StackBottom = (__StackTop - SIZEOF (.stack_dummy))
                0x0000000020082000                PROVIDE (__stack = __StackTop)
                [!provide]                        PROVIDE (__heap_start = __end__)
                [!provide]                        PROVIDE (__heap_end = __HeapLimit)
                [!provide]                        PROVIDE (__tls_align = MAX (ALIGNOF (.tdata), ALIGNOF (.tbss)))
                [!provide]                        PROVIDE (__tls_size_align = (((__tls_size + __tls_align) - 0x1) & ~ ((__tls_align - 0x1))))
                [!provide]                        PROVIDE (__arm32_tls_tcb_offset = MAX (0x8, __tls_align))
                [!provide]                        PROVIDE (_end = __end__)
                [!provide]                        PROVIDE (__llvm_libc_heap_limit = __HeapLimit)
                0x0000000000000001                ASSERT ((__StackLimit >= __HeapLimit), region RAM overflowed)
                0x0000000000000001                ASSERT (((__binary_info_header_end - __logical_binary_start) <= 0x400), Binary info must be in first 1024 bytes of the binary)
                0x0000000000000001                ASSERT (((__embedded_block_end - __logical_binary_start) <= 0x1000), Embedded block must be in first 4096 bytes of the binary)
LOAD CMakeFiles/blink.dir/blink.c.o
LOAD CMakeFiles/blink.dir/Users/aidanworkman/.pico-sdk/sdk/2.1.1/src/rp2_common/pico_stdlib/stdlib.c.o
LOAD CMakeFiles/blink.dir/Users/aidanworkman/.pico-sdk/sdk/2.1.1/src/rp2_common/hardware_gpio/gpio.c.o
LOAD CMakeFiles/blink.dir/Users/aidanworkman/.pico-sdk/sdk/2.1.1/src/rp2350/pico_platform/platform.c.o
LOAD CMakeFiles/blink.dir/Users/aidanworkman/.pico-sdk/sdk/2.1.1/src/rp2_common/pico_platform_panic/panic.c.o
LOAD CMakeFiles/blink.dir/Users/aidanworkman/.pico-sdk/sdk/2.1.1/src/common/hardware_claim/claim.c.o
LOAD CMakeFiles/blink.dir/Users/aidanworkman/.pico-sdk/sdk/2.1.1/src/rp2_common/hardware_sync/sync.c.o
LOAD CMakeFiles/blink.dir/Users/aidanworkman/.pico-sdk/sdk/2.1.1/src/rp2_common/hardware_sync_spin_lock/sync_spin_lock.c.o
LOAD CMakeFiles/blink.dir/Users/aidanworkman/.pico-sdk/sdk/2.1.1/src/rp2_common/hardware_irq/irq.c.o
LOAD CMakeFiles/blink.dir/Users/aidanworkman/.pico-sdk/sdk/2.1.1/src/rp2_common/hardware_irq/irq_handler_chain.S.o
LOAD CMakeFiles/blink.dir/Users/aidanworkman/.pico-sdk/sdk/2.1.1/src/common/pico_sync/sem.c.o
LOAD CMakeFiles/blink.dir/Users/aidanworkman/.pico-sdk/sdk/2.1.1/src/common/pico_sync/lock_core.c.o
LOAD CMakeFiles/blink.dir/Users/aidanworkman/.pico-sdk/sdk/2.1.1/src/common/pico_sync/mutex.c.o
LOAD CMakeFiles/blink.dir/Users/aidanworkman/.pico-sdk/sdk/2.1.1/src/common/pico_sync/critical_section.c.o
LOAD CMakeFiles/blink.dir/Users/aidanworkman/.pico-sdk/sdk/2.1.1/src/common/pico_time/time.c.o
LOAD CMakeFiles/blink.dir/Users/aidanworkman/.pico-sdk/sdk/2.1.1/src/common/pico_time/timeout_helper.c.o
LOAD CMakeFiles/blink.dir/Users/aidanworkman/.pico-sdk/sdk/2.1.1/src/rp2_common/hardware_timer/timer.c.o
LOAD CMakeFiles/blink.dir/Users/aidanworkman/.pico-sdk/sdk/2.1.1/src/common/pico_util/datetime.c.o
LOAD CMakeFiles/blink.dir/Users/aidanworkman/.pico-sdk/sdk/2.1.1/src/common/pico_util/pheap.c.o
LOAD CMakeFiles/blink.dir/Users/aidanworkman/.pico-sdk/sdk/2.1.1/src/common/pico_util/queue.c.o
LOAD CMakeFiles/blink.dir/Users/aidanworkman/.pico-sdk/sdk/2.1.1/src/rp2_common/hardware_uart/uart.c.o
LOAD CMakeFiles/blink.dir/Users/aidanworkman/.pico-sdk/sdk/2.1.1/src/rp2_common/hardware_clocks/clocks.c.o
LOAD CMakeFiles/blink.dir/Users/aidanworkman/.pico-sdk/sdk/2.1.1/src/rp2_common/hardware_pll/pll.c.o
LOAD CMakeFiles/blink.dir/Users/aidanworkman/.pico-sdk/sdk/2.1.1/src/rp2_common/hardware_vreg/vreg.c.o
LOAD CMakeFiles/blink.dir/Users/aidanworkman/.pico-sdk/sdk/2.1.1/src/rp2_common/hardware_watchdog/watchdog.c.o
LOAD CMakeFiles/blink.dir/Users/aidanworkman/.pico-sdk/sdk/2.1.1/src/rp2_common/hardware_ticks/ticks.c.o
LOAD CMakeFiles/blink.dir/Users/aidanworkman/.pico-sdk/sdk/2.1.1/src/rp2_common/pico_bootrom/bootrom.c.o
LOAD CMakeFiles/blink.dir/Users/aidanworkman/.pico-sdk/sdk/2.1.1/src/rp2_common/pico_bootrom/bootrom_lock.c.o
LOAD CMakeFiles/blink.dir/Users/aidanworkman/.pico-sdk/sdk/2.1.1/src/rp2_common/hardware_boot_lock/boot_lock.c.o
LOAD CMakeFiles/blink.dir/Users/aidanworkman/.pico-sdk/sdk/2.1.1/src/rp2_common/pico_flash/flash.c.o
LOAD CMakeFiles/blink.dir/Users/aidanworkman/.pico-sdk/sdk/2.1.1/src/rp2_common/hardware_xosc/xosc.c.o
LOAD CMakeFiles/blink.dir/Users/aidanworkman/.pico-sdk/sdk/2.1.1/src/rp2_common/hardware_divider/divider.c.o
LOAD CMakeFiles/blink.dir/Users/aidanworkman/.pico-sdk/sdk/2.1.1/src/rp2_common/pico_runtime/runtime.c.o
LOAD CMakeFiles/blink.dir/Users/aidanworkman/.pico-sdk/sdk/2.1.1/src/rp2_common/pico_runtime_init/runtime_init.c.o
LOAD CMakeFiles/blink.dir/Users/aidanworkman/.pico-sdk/sdk/2.1.1/src/rp2_common/pico_runtime_init/runtime_init_clocks.c.o
LOAD CMakeFiles/blink.dir/Users/aidanworkman/.pico-sdk/sdk/2.1.1/src/rp2_common/pico_runtime_init/runtime_init_stack_guard.c.o
LOAD CMakeFiles/blink.dir/Users/aidanworkman/.pico-sdk/sdk/2.1.1/src/rp2_common/pico_bit_ops/bit_ops_aeabi.S.o
LOAD CMakeFiles/blink.dir/Users/aidanworkman/.pico-sdk/sdk/2.1.1/src/rp2_common/pico_divider/divider_compiler.c.o
LOAD CMakeFiles/blink.dir/Users/aidanworkman/.pico-sdk/sdk/2.1.1/src/rp2_common/pico_double/double_math.c.o
LOAD CMakeFiles/blink.dir/Users/aidanworkman/.pico-sdk/sdk/2.1.1/src/rp2_common/pico_double/double_aeabi_dcp.S.o
LOAD CMakeFiles/blink.dir/Users/aidanworkman/.pico-sdk/sdk/2.1.1/src/rp2_common/pico_double/double_fma_dcp.S.o
LOAD CMakeFiles/blink.dir/Users/aidanworkman/.pico-sdk/sdk/2.1.1/src/rp2_common/pico_double/double_sci_m33.S.o
LOAD CMakeFiles/blink.dir/Users/aidanworkman/.pico-sdk/sdk/2.1.1/src/rp2_common/pico_double/double_conv_m33.S.o
LOAD CMakeFiles/blink.dir/Users/aidanworkman/.pico-sdk/sdk/2.1.1/src/rp2_common/pico_float/float_math.c.o
LOAD CMakeFiles/blink.dir/Users/aidanworkman/.pico-sdk/sdk/2.1.1/src/rp2_common/pico_float/float_conv32_vfp.S.o
LOAD CMakeFiles/blink.dir/Users/aidanworkman/.pico-sdk/sdk/2.1.1/src/rp2_common/pico_float/float_common_m33.S.o
LOAD CMakeFiles/blink.dir/Users/aidanworkman/.pico-sdk/sdk/2.1.1/src/rp2_common/pico_float/float_sci_m33_vfp.S.o
LOAD CMakeFiles/blink.dir/Users/aidanworkman/.pico-sdk/sdk/2.1.1/src/rp2_common/pico_malloc/malloc.c.o
LOAD CMakeFiles/blink.dir/Users/aidanworkman/.pico-sdk/sdk/2.1.1/src/rp2_common/pico_atomic/atomic.c.o
LOAD CMakeFiles/blink.dir/Users/aidanworkman/.pico-sdk/sdk/2.1.1/src/rp2_common/pico_cxx_options/new_delete.cpp.o
LOAD CMakeFiles/blink.dir/Users/aidanworkman/.pico-sdk/sdk/2.1.1/src/rp2_common/pico_standard_binary_info/standard_binary_info.c.o
LOAD CMakeFiles/blink.dir/Users/aidanworkman/.pico-sdk/sdk/2.1.1/src/rp2_common/pico_printf/printf.c.o
LOAD CMakeFiles/blink.dir/Users/aidanworkman/.pico-sdk/sdk/2.1.1/src/rp2_common/pico_crt0/crt0.S.o
LOAD CMakeFiles/blink.dir/Users/aidanworkman/.pico-sdk/sdk/2.1.1/src/rp2_common/pico_clib_interface/newlib_interface.c.o
LOAD CMakeFiles/blink.dir/Users/aidanworkman/.pico-sdk/sdk/2.1.1/src/rp2_common/pico_stdio/stdio.c.o
LOAD CMakeFiles/blink.dir/Users/aidanworkman/.pico-sdk/sdk/2.1.1/src/rp2_common/pico_stdio_uart/stdio_uart.c.o
LOAD pico-sdk/src/rp2350/boot_stage2/CMakeFiles/bs2_default_library.dir/./bs2_default_padded_checksummed.S.o
LOAD /opt/homebrew/Cellar/arm-none-eabi-gcc/10.3-2021.10/gcc/bin/../lib/gcc/arm-none-eabi/10.3.1/../../../../arm-none-eabi/lib/thumb/v8-m.main+fp/softfp/libstdc++.a
LOAD /opt/homebrew/Cellar/arm-none-eabi-gcc/10.3-2021.10/gcc/bin/../lib/gcc/arm-none-eabi/10.3.1/../../../../arm-none-eabi/lib/thumb/v8-m.main+fp/softfp/libm.a
START GROUP
LOAD /opt/homebrew/Cellar/arm-none-eabi-gcc/10.3-2021.10/gcc/bin/../lib/gcc/arm-none-eabi/10.3.1/thumb/v8-m.main+fp/softfp/libgcc.a
LOAD /opt/homebrew/Cellar/arm-none-eabi-gcc/10.3-2021.10/gcc/bin/../lib/gcc/arm-none-eabi/10.3.1/../../../../arm-none-eabi/lib/thumb/v8-m.main+fp/softfp/libg.a
LOAD /opt/homebrew/Cellar/arm-none-eabi-gcc/10.3-2021.10/gcc/bin/../lib/gcc/arm-none-eabi/10.3.1/../../../../arm-none-eabi/lib/thumb/v8-m.main+fp/softfp/libc.a
END GROUP
START GROUP
LOAD /opt/homebrew/Cellar/arm-none-eabi-gcc/10.3-2021.10/gcc/bin/../lib/gcc/arm-none-eabi/10.3.1/thumb/v8-m.main+fp/softfp/libgcc.a
LOAD /opt/homebrew/Cellar/arm-none-eabi-gcc/10.3-2021.10/gcc/bin/../lib/gcc/arm-none-eabi/10.3.1/../../../../arm-none-eabi/lib/thumb/v8-m.main+fp/softfp/libc.a
LOAD /opt/homebrew/Cellar/arm-none-eabi-gcc/10.3-2021.10/gcc/bin/../lib/gcc/arm-none-eabi/10.3.1/../../../../arm-none-eabi/lib/thumb/v8-m.main+fp/softfp/libnosys.a
END GROUP
LOAD /opt/homebrew/Cellar/arm-none-eabi-gcc/10.3-2021.10/gcc/bin/../lib/gcc/arm-none-eabi/10.3.1/thumb/v8-m.main+fp/softfp/crtend.o
LOAD /opt/homebrew/Cellar/arm-none-eabi-gcc/10.3-2021.10/gcc/bin/../lib/gcc/arm-none-eabi/10.3.1/thumb/v8-m.main+fp/softfp/crtn.o
OUTPUT(blink.elf elf32-littlearm)
LOAD linker stubs

.rel.dyn        0x00000000100035c8        0x0
 .rel.iplt      0x00000000100035c8        0x0 /opt/homebrew/Cellar/arm-none-eabi-gcc/10.3-2021.10/gcc/bin/../lib/gcc/arm-none-eabi/10.3.1/thumb/v8-m.main+fp/softfp/crtbegin.o

.ARM.attributes
                0x0000000000000000       0x34
 .ARM.attributes
                0x0000000000000000       0x22 /opt/homebrew/Cellar/arm-none-eabi-gcc/10.3-2021.10/gcc/bin/../lib/gcc/arm-none-eabi/10.3.1/thumb/v8-m.main+fp/softfp/crti.o
 .ARM.attributes
                0x0000000000000022       0x36 /opt/homebrew/Cellar/arm-none-eabi-gcc/10.3-2021.10/gcc/bin/../lib/gcc/arm-none-eabi/10.3.1/thumb/v8-m.main+fp/softfp/crtbegin.o
 .ARM.attributes
                0x0000000000000058       0x38 CMakeFiles/blink.dir/blink.c.o
 .ARM.attributes
                0x0000000000000090       0x38 CMakeFiles/blink.dir/Users/aidanworkman/.pico-sdk/sdk/2.1.1/src/rp2_common/hardware_gpio/gpio.c.o
 .ARM.attributes
                0x00000000000000c8       0x38 CMakeFiles/blink.dir/Users/aidanworkman/.pico-sdk/sdk/2.1.1/src/rp2_common/pico_platform_panic/panic.c.o
 .ARM.attributes
                0x0000000000000100       0x38 CMakeFiles/blink.dir/Users/aidanworkman/.pico-sdk/sdk/2.1.1/src/common/hardware_claim/claim.c.o
 .ARM.attributes
                0x0000000000000138       0x38 CMakeFiles/blink.dir/Users/aidanworkman/.pico-sdk/sdk/2.1.1/src/rp2_common/hardware_sync/sync.c.o
 .ARM.attributes
                0x0000000000000170       0x38 CMakeFiles/blink.dir/Users/aidanworkman/.pico-sdk/sdk/2.1.1/src/rp2_common/hardware_sync_spin_lock/sync_spin_lock.c.o
 .ARM.attributes
                0x00000000000001a8       0x38 CMakeFiles/blink.dir/Users/aidanworkman/.pico-sdk/sdk/2.1.1/src/rp2_common/hardware_irq/irq.c.o
 .ARM.attributes
                0x00000000000001e0       0x38 CMakeFiles/blink.dir/Users/aidanworkman/.pico-sdk/sdk/2.1.1/src/common/pico_sync/lock_core.c.o
 .ARM.attributes
                0x0000000000000218       0x38 CMakeFiles/blink.dir/Users/aidanworkman/.pico-sdk/sdk/2.1.1/src/common/pico_sync/mutex.c.o
 .ARM.attributes
                0x0000000000000250       0x38 CMakeFiles/blink.dir/Users/aidanworkman/.pico-sdk/sdk/2.1.1/src/common/pico_time/time.c.o
 .ARM.attributes
                0x0000000000000288       0x38 CMakeFiles/blink.dir/Users/aidanworkman/.pico-sdk/sdk/2.1.1/src/rp2_common/hardware_timer/timer.c.o
 .ARM.attributes
                0x00000000000002c0       0x38 CMakeFiles/blink.dir/Users/aidanworkman/.pico-sdk/sdk/2.1.1/src/rp2_common/hardware_clocks/clocks.c.o
 .ARM.attributes
                0x00000000000002f8       0x38 CMakeFiles/blink.dir/Users/aidanworkman/.pico-sdk/sdk/2.1.1/src/rp2_common/hardware_pll/pll.c.o
 .ARM.attributes
                0x0000000000000330       0x38 CMakeFiles/blink.dir/Users/aidanworkman/.pico-sdk/sdk/2.1.1/src/rp2_common/hardware_ticks/ticks.c.o
 .ARM.attributes
                0x0000000000000368       0x38 CMakeFiles/blink.dir/Users/aidanworkman/.pico-sdk/sdk/2.1.1/src/rp2_common/pico_bootrom/bootrom.c.o
 .ARM.attributes
                0x00000000000003a0       0x38 CMakeFiles/blink.dir/Users/aidanworkman/.pico-sdk/sdk/2.1.1/src/rp2_common/pico_bootrom/bootrom_lock.c.o
 .ARM.attributes
                0x00000000000003d8       0x38 CMakeFiles/blink.dir/Users/aidanworkman/.pico-sdk/sdk/2.1.1/src/rp2_common/hardware_boot_lock/boot_lock.c.o
 .ARM.attributes
                0x0000000000000410       0x38 CMakeFiles/blink.dir/Users/aidanworkman/.pico-sdk/sdk/2.1.1/src/rp2_common/hardware_xosc/xosc.c.o
 .ARM.attributes
                0x0000000000000448       0x38 CMakeFiles/blink.dir/Users/aidanworkman/.pico-sdk/sdk/2.1.1/src/rp2_common/pico_runtime/runtime.c.o
 .ARM.attributes
                0x0000000000000480       0x38 CMakeFiles/blink.dir/Users/aidanworkman/.pico-sdk/sdk/2.1.1/src/rp2_common/pico_runtime_init/runtime_init.c.o
 .ARM.attributes
                0x00000000000004b8       0x38 CMakeFiles/blink.dir/Users/aidanworkman/.pico-sdk/sdk/2.1.1/src/rp2_common/pico_runtime_init/runtime_init_clocks.c.o
 .ARM.attributes
                0x00000000000004f0       0x28 CMakeFiles/blink.dir/Users/aidanworkman/.pico-sdk/sdk/2.1.1/src/rp2_common/pico_double/double_aeabi_dcp.S.o
 .ARM.attributes
                0x0000000000000518       0x38 CMakeFiles/blink.dir/Users/aidanworkman/.pico-sdk/sdk/2.1.1/src/rp2_common/pico_standard_binary_info/standard_binary_info.c.o
 .ARM.attributes
                0x0000000000000550       0x38 CMakeFiles/blink.dir/Users/aidanworkman/.pico-sdk/sdk/2.1.1/src/rp2_common/pico_printf/printf.c.o
 .ARM.attributes
                0x0000000000000588       0x28 CMakeFiles/blink.dir/Users/aidanworkman/.pico-sdk/sdk/2.1.1/src/rp2_common/pico_crt0/crt0.S.o
 .ARM.attributes
                0x00000000000005b0       0x38 CMakeFiles/blink.dir/Users/aidanworkman/.pico-sdk/sdk/2.1.1/src/rp2_common/pico_clib_interface/newlib_interface.c.o
 .ARM.attributes
                0x00000000000005e8       0x38 CMakeFiles/blink.dir/Users/aidanworkman/.pico-sdk/sdk/2.1.1/src/rp2_common/pico_stdio/stdio.c.o
 .ARM.attributes
                0x0000000000000620       0x22 /opt/homebrew/Cellar/arm-none-eabi-gcc/10.3-2021.10/gcc/bin/../lib/gcc/arm-none-eabi/10.3.1/thumb/v8-m.main+fp/softfp/libgcc.a(_aeabi_uldivmod.o)
 .ARM.attributes
                0x0000000000000642       0x36 /opt/homebrew/Cellar/arm-none-eabi-gcc/10.3-2021.10/gcc/bin/../lib/gcc/arm-none-eabi/10.3.1/thumb/v8-m.main+fp/softfp/libgcc.a(_udivmoddi4.o)
 .ARM.attributes
                0x0000000000000678       0x22 /opt/homebrew/Cellar/arm-none-eabi-gcc/10.3-2021.10/gcc/bin/../lib/gcc/arm-none-eabi/10.3.1/thumb/v8-m.main+fp/softfp/libgcc.a(_dvmd_tls.o)
 .ARM.attributes
                0x000000000000069a       0x20 /opt/homebrew/Cellar/arm-none-eabi-gcc/10.3-2021.10/gcc/bin/../lib/gcc/arm-none-eabi/10.3.1/../../../../arm-none-eabi/lib/thumb/v8-m.main+fp/softfp/libg.a(lib_a-memcpy.o)
 .ARM.attributes
                0x00000000000006ba       0x36 /opt/homebrew/Cellar/arm-none-eabi-gcc/10.3-2021.10/gcc/bin/../lib/gcc/arm-none-eabi/10.3.1/../../../../arm-none-eabi/lib/thumb/v8-m.main+fp/softfp/libg.a(lib_a-strlen-stub.o)

.comment        0x0000000000000000       0x49
 .comment       0x0000000000000000       0x49 CMakeFiles/blink.dir/blink.c.o
                                         0x4a (size before relaxing)
 .comment       0x0000000000000049       0x4a CMakeFiles/blink.dir/Users/aidanworkman/.pico-sdk/sdk/2.1.1/src/rp2_common/hardware_gpio/gpio.c.o
 .comment       0x0000000000000049       0x4a CMakeFiles/blink.dir/Users/aidanworkman/.pico-sdk/sdk/2.1.1/src/rp2_common/pico_platform_panic/panic.c.o
 .comment       0x0000000000000049       0x4a CMakeFiles/blink.dir/Users/aidanworkman/.pico-sdk/sdk/2.1.1/src/common/hardware_claim/claim.c.o
 .comment       0x0000000000000049       0x4a CMakeFiles/blink.dir/Users/aidanworkman/.pico-sdk/sdk/2.1.1/src/rp2_common/hardware_sync/sync.c.o
 .comment       0x0000000000000049       0x4a CMakeFiles/blink.dir/Users/aidanworkman/.pico-sdk/sdk/2.1.1/src/rp2_common/hardware_sync_spin_lock/sync_spin_lock.c.o
 .comment       0x0000000000000049       0x4a CMakeFiles/blink.dir/Users/aidanworkman/.pico-sdk/sdk/2.1.1/src/rp2_common/hardware_irq/irq.c.o
 .comment       0x0000000000000049       0x4a CMakeFiles/blink.dir/Users/aidanworkman/.pico-sdk/sdk/2.1.1/src/common/pico_sync/lock_core.c.o
 .comment       0x0000000000000049       0x4a CMakeFiles/blink.dir/Users/aidanworkman/.pico-sdk/sdk/2.1.1/src/common/pico_sync/mutex.c.o
 .comment       0x0000000000000049       0x4a CMakeFiles/blink.dir/Users/aidanworkman/.pico-sdk/sdk/2.1.1/src/common/pico_time/time.c.o
 .comment       0x0000000000000049       0x4a CMakeFiles/blink.dir/Users/aidanworkman/.pico-sdk/sdk/2.1.1/src/rp2_common/hardware_timer/timer.c.o
 .comment       0x0000000000000049       0x4a CMakeFiles/blink.dir/Users/aidanworkman/.pico-sdk/sdk/2.1.1/src/rp2_common/hardware_clocks/clocks.c.o
 .comment       0x0000000000000049       0x4a CMakeFiles/blink.dir/Users/aidanworkman/.pico-sdk/sdk/2.1.1/src/rp2_common/hardware_pll/pll.c.o
 .comment       0x0000000000000049       0x4a CMakeFiles/blink.dir/Users/aidanworkman/.pico-sdk/sdk/2.1.1/src/rp2_common/hardware_ticks/ticks.c.o
 .comment       0x0000000000000049       0x4a CMakeFiles/blink.dir/Users/aidanworkman/.pico-sdk/sdk/2.1.1/src/rp2_common/pico_bootrom/bootrom.c.o
 .comment       0x0000000000000049       0x4a CMakeFiles/blink.dir/Users/aidanworkman/.pico-sdk/sdk/2.1.1/src/rp2_common/pico_bootrom/bootrom_lock.c.o
 .comment       0x0000000000000049       0x4a CMakeFiles/blink.dir/Users/aidanworkman/.pico-sdk/sdk/2.1.1/src/rp2_common/hardware_boot_lock/boot_lock.c.o
 .comment       0x0000000000000049       0x4a CMakeFiles/blink.dir/Users/aidanworkman/.pico-sdk/sdk/2.1.1/src/rp2_common/hardware_xosc/xosc.c.o
 .comment       0x0000000000000049       0x4a CMakeFiles/blink.dir/Users/aidanworkman/.pico-sdk/sdk/2.1.1/src/rp2_common/pico_runtime/runtime.c.o
 .comment       0x0000000000000049       0x4a CMakeFiles/blink.dir/Users/aidanworkman/.pico-sdk/sdk/2.1.1/src/rp2_common/pico_runtime_init/runtime_init.c.o
 .comment       0x0000000000000049       0x4a CMakeFiles/blink.dir/Users/aidanworkman/.pico-sdk/sdk/2.1.1/src/rp2_common/pico_runtime_init/runtime_init_clocks.c.o
 .comment       0x0000000000000049       0x4a CMakeFiles/blink.dir/Users/aidanworkman/.pico-sdk/sdk/2.1.1/src/rp2_common/pico_standard_binary_info/standard_binary_info.c.o
 .comment       0x0000000000000049       0x4a CMakeFiles/blink.dir/Users/aidanworkman/.pico-sdk/sdk/2.1.1/src/rp2_common/pico_printf/printf.c.o
 .comment       0x0000000000000049       0x4a CMakeFiles/blink.dir/Users/aidanworkman/.pico-sdk/sdk/2.1.1/src/rp2_common/pico_clib_interface/newlib_interface.c.o
 .comment       0x0000000000000049       0x4a CMakeFiles/blink.dir/Users/aidanworkman/.pico-sdk/sdk/2.1.1/src/rp2_common/pico_stdio/stdio.c.o

.debug_info     0x0000000000000000    0x17772
 .debug_info    0x0000000000000000      0x4c8 CMakeFiles/blink.dir/blink.c.o
 .debug_info    0x00000000000004c8     0x1c60 CMakeFiles/blink.dir/Users/aidanworkman/.pico-sdk/sdk/2.1.1/src/rp2_common/hardware_gpio/gpio.c.o
 .debug_info    0x0000000000002128      0x19b CMakeFiles/blink.dir/Users/aidanworkman/.pico-sdk/sdk/2.1.1/src/rp2_common/pico_platform_panic/panic.c.o
 .debug_info    0x00000000000022c3      0x757 CMakeFiles/blink.dir/Users/aidanworkman/.pico-sdk/sdk/2.1.1/src/common/hardware_claim/claim.c.o
 .debug_info    0x0000000000002a1a      0x41c CMakeFiles/blink.dir/Users/aidanworkman/.pico-sdk/sdk/2.1.1/src/rp2_common/hardware_sync/sync.c.o
 .debug_info    0x0000000000002e36     0x1733 CMakeFiles/blink.dir/Users/aidanworkman/.pico-sdk/sdk/2.1.1/src/rp2_common/hardware_sync_spin_lock/sync_spin_lock.c.o
 .debug_info    0x0000000000004569     0x23fc CMakeFiles/blink.dir/Users/aidanworkman/.pico-sdk/sdk/2.1.1/src/rp2_common/hardware_irq/irq.c.o
 .debug_info    0x0000000000006965      0x1d4 CMakeFiles/blink.dir/Users/aidanworkman/.pico-sdk/sdk/2.1.1/src/common/pico_sync/lock_core.c.o
 .debug_info    0x0000000000006b39     0x1fe1 CMakeFiles/blink.dir/Users/aidanworkman/.pico-sdk/sdk/2.1.1/src/common/pico_sync/mutex.c.o
 .debug_info    0x0000000000008b1a     0x389b CMakeFiles/blink.dir/Users/aidanworkman/.pico-sdk/sdk/2.1.1/src/common/pico_time/time.c.o
 .debug_info    0x000000000000c3b5     0x1e2b CMakeFiles/blink.dir/Users/aidanworkman/.pico-sdk/sdk/2.1.1/src/rp2_common/hardware_timer/timer.c.o
 .debug_info    0x000000000000e1e0     0x15d7 CMakeFiles/blink.dir/Users/aidanworkman/.pico-sdk/sdk/2.1.1/src/rp2_common/hardware_clocks/clocks.c.o
 .debug_info    0x000000000000f7b7      0x694 CMakeFiles/blink.dir/Users/aidanworkman/.pico-sdk/sdk/2.1.1/src/rp2_common/hardware_pll/pll.c.o
 .debug_info    0x000000000000fe4b      0x2e6 CMakeFiles/blink.dir/Users/aidanworkman/.pico-sdk/sdk/2.1.1/src/rp2_common/hardware_ticks/ticks.c.o
 .debug_info    0x0000000000010131      0x942 CMakeFiles/blink.dir/Users/aidanworkman/.pico-sdk/sdk/2.1.1/src/rp2_common/pico_bootrom/bootrom.c.o
 .debug_info    0x0000000000010a73      0x1d2 CMakeFiles/blink.dir/Users/aidanworkman/.pico-sdk/sdk/2.1.1/src/rp2_common/pico_bootrom/bootrom_lock.c.o
 .debug_info    0x0000000000010c45      0x317 CMakeFiles/blink.dir/Users/aidanworkman/.pico-sdk/sdk/2.1.1/src/rp2_common/hardware_boot_lock/boot_lock.c.o
 .debug_info    0x0000000000010f5c      0x1c4 CMakeFiles/blink.dir/Users/aidanworkman/.pico-sdk/sdk/2.1.1/src/rp2_common/hardware_xosc/xosc.c.o
 .debug_info    0x0000000000011120      0x1b2 CMakeFiles/blink.dir/Users/aidanworkman/.pico-sdk/sdk/2.1.1/src/rp2_common/pico_runtime/runtime.c.o
 .debug_info    0x00000000000112d2     0x1dd5 CMakeFiles/blink.dir/Users/aidanworkman/.pico-sdk/sdk/2.1.1/src/rp2_common/pico_runtime_init/runtime_init.c.o
 .debug_info    0x00000000000130a7      0x761 CMakeFiles/blink.dir/Users/aidanworkman/.pico-sdk/sdk/2.1.1/src/rp2_common/pico_runtime_init/runtime_init_clocks.c.o
 .debug_info    0x0000000000013808       0x23 CMakeFiles/blink.dir/Users/aidanworkman/.pico-sdk/sdk/2.1.1/src/rp2_common/pico_double/double_aeabi_dcp.S.o
 .debug_info    0x000000000001382b      0x2fb CMakeFiles/blink.dir/Users/aidanworkman/.pico-sdk/sdk/2.1.1/src/rp2_common/pico_standard_binary_info/standard_binary_info.c.o
 .debug_info    0x0000000000013b26     0x19b3 CMakeFiles/blink.dir/Users/aidanworkman/.pico-sdk/sdk/2.1.1/src/rp2_common/pico_printf/printf.c.o
 .debug_info    0x00000000000154d9       0x23 CMakeFiles/blink.dir/Users/aidanworkman/.pico-sdk/sdk/2.1.1/src/rp2_common/pico_crt0/crt0.S.o
 .debug_info    0x00000000000154fc      0xc51 CMakeFiles/blink.dir/Users/aidanworkman/.pico-sdk/sdk/2.1.1/src/rp2_common/pico_clib_interface/newlib_interface.c.o
 .debug_info    0x000000000001614d     0x1625 CMakeFiles/blink.dir/Users/aidanworkman/.pico-sdk/sdk/2.1.1/src/rp2_common/pico_stdio/stdio.c.o

.debug_abbrev   0x0000000000000000     0x44cd
 .debug_abbrev  0x0000000000000000      0x1f5 CMakeFiles/blink.dir/blink.c.o
 .debug_abbrev  0x00000000000001f5      0x46e CMakeFiles/blink.dir/Users/aidanworkman/.pico-sdk/sdk/2.1.1/src/rp2_common/hardware_gpio/gpio.c.o
 .debug_abbrev  0x0000000000000663       0xf4 CMakeFiles/blink.dir/Users/aidanworkman/.pico-sdk/sdk/2.1.1/src/rp2_common/pico_platform_panic/panic.c.o
 .debug_abbrev  0x0000000000000757      0x2ff CMakeFiles/blink.dir/Users/aidanworkman/.pico-sdk/sdk/2.1.1/src/common/hardware_claim/claim.c.o
 .debug_abbrev  0x0000000000000a56      0x1e8 CMakeFiles/blink.dir/Users/aidanworkman/.pico-sdk/sdk/2.1.1/src/rp2_common/hardware_sync/sync.c.o
 .debug_abbrev  0x0000000000000c3e      0x2a3 CMakeFiles/blink.dir/Users/aidanworkman/.pico-sdk/sdk/2.1.1/src/rp2_common/hardware_sync_spin_lock/sync_spin_lock.c.o
 .debug_abbrev  0x0000000000000ee1      0x59b CMakeFiles/blink.dir/Users/aidanworkman/.pico-sdk/sdk/2.1.1/src/rp2_common/hardware_irq/irq.c.o
 .debug_abbrev  0x000000000000147c      0x12e CMakeFiles/blink.dir/Users/aidanworkman/.pico-sdk/sdk/2.1.1/src/common/pico_sync/lock_core.c.o
 .debug_abbrev  0x00000000000015aa      0x3d9 CMakeFiles/blink.dir/Users/aidanworkman/.pico-sdk/sdk/2.1.1/src/common/pico_sync/mutex.c.o
 .debug_abbrev  0x0000000000001983      0x59d CMakeFiles/blink.dir/Users/aidanworkman/.pico-sdk/sdk/2.1.1/src/common/pico_time/time.c.o
 .debug_abbrev  0x0000000000001f20      0x47d CMakeFiles/blink.dir/Users/aidanworkman/.pico-sdk/sdk/2.1.1/src/rp2_common/hardware_timer/timer.c.o
 .debug_abbrev  0x000000000000239d      0x3e8 CMakeFiles/blink.dir/Users/aidanworkman/.pico-sdk/sdk/2.1.1/src/rp2_common/hardware_clocks/clocks.c.o
 .debug_abbrev  0x0000000000002785      0x202 CMakeFiles/blink.dir/Users/aidanworkman/.pico-sdk/sdk/2.1.1/src/rp2_common/hardware_pll/pll.c.o
 .debug_abbrev  0x0000000000002987      0x14e CMakeFiles/blink.dir/Users/aidanworkman/.pico-sdk/sdk/2.1.1/src/rp2_common/hardware_ticks/ticks.c.o
 .debug_abbrev  0x0000000000002ad5      0x35f CMakeFiles/blink.dir/Users/aidanworkman/.pico-sdk/sdk/2.1.1/src/rp2_common/pico_bootrom/bootrom.c.o
 .debug_abbrev  0x0000000000002e34      0x124 CMakeFiles/blink.dir/Users/aidanworkman/.pico-sdk/sdk/2.1.1/src/rp2_common/pico_bootrom/bootrom_lock.c.o
 .debug_abbrev  0x0000000000002f58      0x207 CMakeFiles/blink.dir/Users/aidanworkman/.pico-sdk/sdk/2.1.1/src/rp2_common/hardware_boot_lock/boot_lock.c.o
 .debug_abbrev  0x000000000000315f      0x108 CMakeFiles/blink.dir/Users/aidanworkman/.pico-sdk/sdk/2.1.1/src/rp2_common/hardware_xosc/xosc.c.o
 .debug_abbrev  0x0000000000003267      0x11c CMakeFiles/blink.dir/Users/aidanworkman/.pico-sdk/sdk/2.1.1/src/rp2_common/pico_runtime/runtime.c.o
 .debug_abbrev  0x0000000000003383      0x2b3 CMakeFiles/blink.dir/Users/aidanworkman/.pico-sdk/sdk/2.1.1/src/rp2_common/pico_runtime_init/runtime_init.c.o
 .debug_abbrev  0x0000000000003636      0x25b CMakeFiles/blink.dir/Users/aidanworkman/.pico-sdk/sdk/2.1.1/src/rp2_common/pico_runtime_init/runtime_init_clocks.c.o
 .debug_abbrev  0x0000000000003891       0x12 CMakeFiles/blink.dir/Users/aidanworkman/.pico-sdk/sdk/2.1.1/src/rp2_common/pico_double/double_aeabi_dcp.S.o
 .debug_abbrev  0x00000000000038a3       0xad CMakeFiles/blink.dir/Users/aidanworkman/.pico-sdk/sdk/2.1.1/src/rp2_common/pico_standard_binary_info/standard_binary_info.c.o
 .debug_abbrev  0x0000000000003950      0x3a2 CMakeFiles/blink.dir/Users/aidanworkman/.pico-sdk/sdk/2.1.1/src/rp2_common/pico_printf/printf.c.o
 .debug_abbrev  0x0000000000003cf2       0x12 CMakeFiles/blink.dir/Users/aidanworkman/.pico-sdk/sdk/2.1.1/src/rp2_common/pico_crt0/crt0.S.o
 .debug_abbrev  0x0000000000003d04      0x33c CMakeFiles/blink.dir/Users/aidanworkman/.pico-sdk/sdk/2.1.1/src/rp2_common/pico_clib_interface/newlib_interface.c.o
 .debug_abbrev  0x0000000000004040      0x48d CMakeFiles/blink.dir/Users/aidanworkman/.pico-sdk/sdk/2.1.1/src/rp2_common/pico_stdio/stdio.c.o

.debug_loc      0x0000000000000000     0xc987
 .debug_loc     0x0000000000000000      0x17e CMakeFiles/blink.dir/blink.c.o
 .debug_loc     0x000000000000017e     0x1311 CMakeFiles/blink.dir/Users/aidanworkman/.pico-sdk/sdk/2.1.1/src/rp2_common/hardware_gpio/gpio.c.o
 .debug_loc     0x000000000000148f      0x3d3 CMakeFiles/blink.dir/Users/aidanworkman/.pico-sdk/sdk/2.1.1/src/common/hardware_claim/claim.c.o
 .debug_loc     0x0000000000001862      0x13f CMakeFiles/blink.dir/Users/aidanworkman/.pico-sdk/sdk/2.1.1/src/rp2_common/hardware_sync/sync.c.o
 .debug_loc     0x00000000000019a1       0xff CMakeFiles/blink.dir/Users/aidanworkman/.pico-sdk/sdk/2.1.1/src/rp2_common/hardware_sync_spin_lock/sync_spin_lock.c.o
 .debug_loc     0x0000000000001aa0     0x1434 CMakeFiles/blink.dir/Users/aidanworkman/.pico-sdk/sdk/2.1.1/src/rp2_common/hardware_irq/irq.c.o
 .debug_loc     0x0000000000002ed4       0x15 CMakeFiles/blink.dir/Users/aidanworkman/.pico-sdk/sdk/2.1.1/src/common/pico_sync/lock_core.c.o
 .debug_loc     0x0000000000002ee9     0x13ae CMakeFiles/blink.dir/Users/aidanworkman/.pico-sdk/sdk/2.1.1/src/common/pico_sync/mutex.c.o
 .debug_loc     0x0000000000004297     0x2a51 CMakeFiles/blink.dir/Users/aidanworkman/.pico-sdk/sdk/2.1.1/src/common/pico_time/time.c.o
 .debug_loc     0x0000000000006ce8     0x1197 CMakeFiles/blink.dir/Users/aidanworkman/.pico-sdk/sdk/2.1.1/src/rp2_common/hardware_timer/timer.c.o
 .debug_loc     0x0000000000007e7f      0xd46 CMakeFiles/blink.dir/Users/aidanworkman/.pico-sdk/sdk/2.1.1/src/rp2_common/hardware_clocks/clocks.c.o
 .debug_loc     0x0000000000008bc5      0x4cf CMakeFiles/blink.dir/Users/aidanworkman/.pico-sdk/sdk/2.1.1/src/rp2_common/hardware_pll/pll.c.o
 .debug_loc     0x0000000000009094       0xa0 CMakeFiles/blink.dir/Users/aidanworkman/.pico-sdk/sdk/2.1.1/src/rp2_common/hardware_ticks/ticks.c.o
 .debug_loc     0x0000000000009134      0x6ed CMakeFiles/blink.dir/Users/aidanworkman/.pico-sdk/sdk/2.1.1/src/rp2_common/pico_bootrom/bootrom.c.o
 .debug_loc     0x0000000000009821       0xce CMakeFiles/blink.dir/Users/aidanworkman/.pico-sdk/sdk/2.1.1/src/rp2_common/hardware_boot_lock/boot_lock.c.o
 .debug_loc     0x00000000000098ef       0x71 CMakeFiles/blink.dir/Users/aidanworkman/.pico-sdk/sdk/2.1.1/src/rp2_common/hardware_xosc/xosc.c.o
 .debug_loc     0x0000000000009960       0x78 CMakeFiles/blink.dir/Users/aidanworkman/.pico-sdk/sdk/2.1.1/src/rp2_common/pico_runtime/runtime.c.o
 .debug_loc     0x00000000000099d8      0x19c CMakeFiles/blink.dir/Users/aidanworkman/.pico-sdk/sdk/2.1.1/src/rp2_common/pico_runtime_init/runtime_init.c.o
 .debug_loc     0x0000000000009b74       0x98 CMakeFiles/blink.dir/Users/aidanworkman/.pico-sdk/sdk/2.1.1/src/rp2_common/pico_runtime_init/runtime_init_clocks.c.o
 .debug_loc     0x0000000000009c0c     0x1d1a CMakeFiles/blink.dir/Users/aidanworkman/.pico-sdk/sdk/2.1.1/src/rp2_common/pico_printf/printf.c.o
 .debug_loc     0x000000000000b926      0x62f CMakeFiles/blink.dir/Users/aidanworkman/.pico-sdk/sdk/2.1.1/src/rp2_common/pico_clib_interface/newlib_interface.c.o
 .debug_loc     0x000000000000bf55      0xa32 CMakeFiles/blink.dir/Users/aidanworkman/.pico-sdk/sdk/2.1.1/src/rp2_common/pico_stdio/stdio.c.o

.debug_aranges  0x0000000000000000      0xb80
 .debug_aranges
                0x0000000000000000       0x30 CMakeFiles/blink.dir/blink.c.o
 .debug_aranges
                0x0000000000000030      0x128 CMakeFiles/blink.dir/Users/aidanworkman/.pico-sdk/sdk/2.1.1/src/rp2_common/hardware_gpio/gpio.c.o
 .debug_aranges
                0x0000000000000158       0x28 CMakeFiles/blink.dir/Users/aidanworkman/.pico-sdk/sdk/2.1.1/src/rp2_common/pico_platform_panic/panic.c.o
 .debug_aranges
                0x0000000000000180       0x48 CMakeFiles/blink.dir/Users/aidanworkman/.pico-sdk/sdk/2.1.1/src/common/hardware_claim/claim.c.o
 .debug_aranges
                0x00000000000001c8       0x48 CMakeFiles/blink.dir/Users/aidanworkman/.pico-sdk/sdk/2.1.1/src/rp2_common/hardware_sync/sync.c.o
 .debug_aranges
                0x0000000000000210       0x30 CMakeFiles/blink.dir/Users/aidanworkman/.pico-sdk/sdk/2.1.1/src/rp2_common/hardware_sync_spin_lock/sync_spin_lock.c.o
 .debug_aranges
                0x0000000000000240       0xe0 CMakeFiles/blink.dir/Users/aidanworkman/.pico-sdk/sdk/2.1.1/src/rp2_common/hardware_irq/irq.c.o
 .debug_aranges
                0x0000000000000320       0x20 CMakeFiles/blink.dir/Users/aidanworkman/.pico-sdk/sdk/2.1.1/src/common/pico_sync/lock_core.c.o
 .debug_aranges
                0x0000000000000340       0x98 CMakeFiles/blink.dir/Users/aidanworkman/.pico-sdk/sdk/2.1.1/src/common/pico_sync/mutex.c.o
 .debug_aranges
                0x00000000000003d8       0xf0 CMakeFiles/blink.dir/Users/aidanworkman/.pico-sdk/sdk/2.1.1/src/common/pico_time/time.c.o
 .debug_aranges
                0x00000000000004c8       0xf0 CMakeFiles/blink.dir/Users/aidanworkman/.pico-sdk/sdk/2.1.1/src/rp2_common/hardware_timer/timer.c.o
 .debug_aranges
                0x00000000000005b8       0xa0 CMakeFiles/blink.dir/Users/aidanworkman/.pico-sdk/sdk/2.1.1/src/rp2_common/hardware_clocks/clocks.c.o
 .debug_aranges
                0x0000000000000658       0x28 CMakeFiles/blink.dir/Users/aidanworkman/.pico-sdk/sdk/2.1.1/src/rp2_common/hardware_pll/pll.c.o
 .debug_aranges
                0x0000000000000680       0x30 CMakeFiles/blink.dir/Users/aidanworkman/.pico-sdk/sdk/2.1.1/src/rp2_common/hardware_ticks/ticks.c.o
 .debug_aranges
                0x00000000000006b0       0x58 CMakeFiles/blink.dir/Users/aidanworkman/.pico-sdk/sdk/2.1.1/src/rp2_common/pico_bootrom/bootrom.c.o
 .debug_aranges
                0x0000000000000708       0x20 CMakeFiles/blink.dir/Users/aidanworkman/.pico-sdk/sdk/2.1.1/src/rp2_common/pico_bootrom/bootrom_lock.c.o
 .debug_aranges
                0x0000000000000728       0x30 CMakeFiles/blink.dir/Users/aidanworkman/.pico-sdk/sdk/2.1.1/src/rp2_common/hardware_boot_lock/boot_lock.c.o
 .debug_aranges
                0x0000000000000758       0x30 CMakeFiles/blink.dir/Users/aidanworkman/.pico-sdk/sdk/2.1.1/src/rp2_common/hardware_xosc/xosc.c.o
 .debug_aranges
                0x0000000000000788       0x40 CMakeFiles/blink.dir/Users/aidanworkman/.pico-sdk/sdk/2.1.1/src/rp2_common/pico_runtime/runtime.c.o
 .debug_aranges
                0x00000000000007c8       0x58 CMakeFiles/blink.dir/Users/aidanworkman/.pico-sdk/sdk/2.1.1/src/rp2_common/pico_runtime_init/runtime_init.c.o
 .debug_aranges
                0x0000000000000820       0x28 CMakeFiles/blink.dir/Users/aidanworkman/.pico-sdk/sdk/2.1.1/src/rp2_common/pico_runtime_init/runtime_init_clocks.c.o
 .debug_aranges
                0x0000000000000848       0xf8 CMakeFiles/blink.dir/Users/aidanworkman/.pico-sdk/sdk/2.1.1/src/rp2_common/pico_double/double_aeabi_dcp.S.o
 .debug_aranges
                0x0000000000000940       0x18 CMakeFiles/blink.dir/Users/aidanworkman/.pico-sdk/sdk/2.1.1/src/rp2_common/pico_standard_binary_info/standard_binary_info.c.o
 .debug_aranges
                0x0000000000000958       0x90 CMakeFiles/blink.dir/Users/aidanworkman/.pico-sdk/sdk/2.1.1/src/rp2_common/pico_printf/printf.c.o
 .debug_aranges
                0x00000000000009e8       0x28 CMakeFiles/blink.dir/Users/aidanworkman/.pico-sdk/sdk/2.1.1/src/rp2_common/pico_crt0/crt0.S.o
 .debug_aranges
                0x0000000000000a10       0xa0 CMakeFiles/blink.dir/Users/aidanworkman/.pico-sdk/sdk/2.1.1/src/rp2_common/pico_clib_interface/newlib_interface.c.o
 .debug_aranges
                0x0000000000000ab0       0xd0 CMakeFiles/blink.dir/Users/aidanworkman/.pico-sdk/sdk/2.1.1/src/rp2_common/pico_stdio/stdio.c.o

.debug_ranges   0x0000000000000000     0x2b40
 .debug_ranges  0x0000000000000000       0x80 CMakeFiles/blink.dir/blink.c.o
 .debug_ranges  0x0000000000000080      0x1a8 CMakeFiles/blink.dir/Users/aidanworkman/.pico-sdk/sdk/2.1.1/src/rp2_common/hardware_gpio/gpio.c.o
 .debug_ranges  0x0000000000000228       0x18 CMakeFiles/blink.dir/Users/aidanworkman/.pico-sdk/sdk/2.1.1/src/rp2_common/pico_platform_panic/panic.c.o
 .debug_ranges  0x0000000000000240       0xd0 CMakeFiles/blink.dir/Users/aidanworkman/.pico-sdk/sdk/2.1.1/src/common/hardware_claim/claim.c.o
 .debug_ranges  0x0000000000000310       0x50 CMakeFiles/blink.dir/Users/aidanworkman/.pico-sdk/sdk/2.1.1/src/rp2_common/hardware_sync/sync.c.o
 .debug_ranges  0x0000000000000360       0x68 CMakeFiles/blink.dir/Users/aidanworkman/.pico-sdk/sdk/2.1.1/src/rp2_common/hardware_sync_spin_lock/sync_spin_lock.c.o
 .debug_ranges  0x00000000000003c8      0x420 CMakeFiles/blink.dir/Users/aidanworkman/.pico-sdk/sdk/2.1.1/src/rp2_common/hardware_irq/irq.c.o
 .debug_ranges  0x00000000000007e8       0x10 CMakeFiles/blink.dir/Users/aidanworkman/.pico-sdk/sdk/2.1.1/src/common/pico_sync/lock_core.c.o
 .debug_ranges  0x00000000000007f8      0xa50 CMakeFiles/blink.dir/Users/aidanworkman/.pico-sdk/sdk/2.1.1/src/common/pico_sync/mutex.c.o
 .debug_ranges  0x0000000000001248      0xbc8 CMakeFiles/blink.dir/Users/aidanworkman/.pico-sdk/sdk/2.1.1/src/common/pico_time/time.c.o
 .debug_ranges  0x0000000000001e10      0x438 CMakeFiles/blink.dir/Users/aidanworkman/.pico-sdk/sdk/2.1.1/src/rp2_common/hardware_timer/timer.c.o
 .debug_ranges  0x0000000000002248      0x170 CMakeFiles/blink.dir/Users/aidanworkman/.pico-sdk/sdk/2.1.1/src/rp2_common/hardware_clocks/clocks.c.o
 .debug_ranges  0x00000000000023b8       0x48 CMakeFiles/blink.dir/Users/aidanworkman/.pico-sdk/sdk/2.1.1/src/rp2_common/hardware_pll/pll.c.o
 .debug_ranges  0x0000000000002400       0x20 CMakeFiles/blink.dir/Users/aidanworkman/.pico-sdk/sdk/2.1.1/src/rp2_common/hardware_ticks/ticks.c.o
 .debug_ranges  0x0000000000002420       0xc0 CMakeFiles/blink.dir/Users/aidanworkman/.pico-sdk/sdk/2.1.1/src/rp2_common/pico_bootrom/bootrom.c.o
 .debug_ranges  0x00000000000024e0       0x40 CMakeFiles/blink.dir/Users/aidanworkman/.pico-sdk/sdk/2.1.1/src/rp2_common/pico_bootrom/bootrom_lock.c.o
 .debug_ranges  0x0000000000002520       0x98 CMakeFiles/blink.dir/Users/aidanworkman/.pico-sdk/sdk/2.1.1/src/rp2_common/hardware_boot_lock/boot_lock.c.o
 .debug_ranges  0x00000000000025b8       0x20 CMakeFiles/blink.dir/Users/aidanworkman/.pico-sdk/sdk/2.1.1/src/rp2_common/hardware_xosc/xosc.c.o
 .debug_ranges  0x00000000000025d8       0x30 CMakeFiles/blink.dir/Users/aidanworkman/.pico-sdk/sdk/2.1.1/src/rp2_common/pico_runtime/runtime.c.o
 .debug_ranges  0x0000000000002608       0x98 CMakeFiles/blink.dir/Users/aidanworkman/.pico-sdk/sdk/2.1.1/src/rp2_common/pico_runtime_init/runtime_init.c.o
 .debug_ranges  0x00000000000026a0       0x18 CMakeFiles/blink.dir/Users/aidanworkman/.pico-sdk/sdk/2.1.1/src/rp2_common/pico_runtime_init/runtime_init_clocks.c.o
 .debug_ranges  0x00000000000026b8      0x138 CMakeFiles/blink.dir/Users/aidanworkman/.pico-sdk/sdk/2.1.1/src/rp2_common/pico_printf/printf.c.o
 .debug_ranges  0x00000000000027f0      0x118 CMakeFiles/blink.dir/Users/aidanworkman/.pico-sdk/sdk/2.1.1/src/rp2_common/pico_clib_interface/newlib_interface.c.o
 .debug_ranges  0x0000000000002908      0x238 CMakeFiles/blink.dir/Users/aidanworkman/.pico-sdk/sdk/2.1.1/src/rp2_common/pico_stdio/stdio.c.o

.debug_line     0x0000000000000000     0xda0a
 .debug_line    0x0000000000000000      0x2cd CMakeFiles/blink.dir/blink.c.o
 .debug_line    0x00000000000002cd      0xf56 CMakeFiles/blink.dir/Users/aidanworkman/.pico-sdk/sdk/2.1.1/src/rp2_common/hardware_gpio/gpio.c.o
 .debug_line    0x0000000000001223      0x248 CMakeFiles/blink.dir/Users/aidanworkman/.pico-sdk/sdk/2.1.1/src/rp2_common/pico_platform_panic/panic.c.o
 .debug_line    0x000000000000146b      0x5c1 CMakeFiles/blink.dir/Users/aidanworkman/.pico-sdk/sdk/2.1.1/src/common/hardware_claim/claim.c.o